<?xml version="1.0" encoding="ISO-8859-1" ?>
<link_info>
   <banner>TI ARM Clang Linker PC v4.0.4.LTS</banner>
   <copyright>Copyright (c) 1996-2018 Texas Instruments Incorporated</copyright>
   <command_line>C:\ti\ccs2041\ccs\tools\compiler\ti-cgt-armllvm_4.0.4.LTS\bin\tiarmlnk -IC:\ti\ccs2041\ccs\tools\compiler\ti-cgt-armllvm_4.0.4.LTS\lib -o CANController.out -mCANController.map -iC:/ti/mspm0_sdk_2_10_00_04/source -iC:/Users/giant/workspace_ccstheia/CANController -iC:/Users/giant/workspace_ccstheia/CANController/Debug/syscfg -iC:/ti/ccs2041/ccs/tools/compiler/ti-cgt-armllvm_4.0.4.LTS/lib --diag_wrap=off --display_error_number --warn_sections --xml_link_info=CANController_linkInfo.xml --rom_model ./main.o ./ti_msp_dl_config.o ./startup_mspm0g350x_ticlang.o ./mcp2515/mcp2515.o -l./device_linker.cmd -ldevice.cmd.genlibs -llibc.a --start-group -llibc++.a -llibc++abi.a -llibc.a -llibsys.a -llibsysbm.a -llibclang_rt.builtins.a -llibclang_rt.profile.a --end-group --cg_opt_level=2</command_line>
   <link_time>0x69e02e53</link_time>
   <link_errors>0x0</link_errors>
   <output_file>C:\Users\giant\workspace_ccstheia\CANController\Debug\CANController.out</output_file>
   <entry_point>
      <name>_c_int00_noargs</name>
      <address>0x1835</address>
   </entry_point>
   <input_file_list>
      <input_file id="fl-1">
         <path>C:\Users\giant\workspace_ccstheia\CANController\Debug\.\</path>
         <kind>object</kind>
         <file>main.o</file>
         <name>main.o</name>
      </input_file>
      <input_file id="fl-2">
         <path>C:\Users\giant\workspace_ccstheia\CANController\Debug\.\</path>
         <kind>object</kind>
         <file>ti_msp_dl_config.o</file>
         <name>ti_msp_dl_config.o</name>
      </input_file>
      <input_file id="fl-3">
         <path>C:\Users\giant\workspace_ccstheia\CANController\Debug\.\</path>
         <kind>object</kind>
         <file>startup_mspm0g350x_ticlang.o</file>
         <name>startup_mspm0g350x_ticlang.o</name>
      </input_file>
      <input_file id="fl-4">
         <path>C:\Users\giant\workspace_ccstheia\CANController\Debug\.\mcp2515\</path>
         <kind>object</kind>
         <file>mcp2515.o</file>
         <name>mcp2515.o</name>
      </input_file>
      <input_file id="fl-11">
         <path>C:\Users\giant\workspace_ccstheia\CANController\Debug\</path>
         <kind>object</kind>
         <file>&lt;internal&gt;</file>
         <name>&lt;internal&gt;</name>
      </input_file>
      <input_file id="fl-12">
         <path>C:\ti\mspm0_sdk_2_10_00_04\source\ti\driverlib\lib\ticlang\m0p\mspm0g1x0x_g3x0x\</path>
         <kind>archive</kind>
         <file>driverlib.a</file>
         <name>dl_common.o</name>
      </input_file>
      <input_file id="fl-13">
         <path>C:\ti\mspm0_sdk_2_10_00_04\source\ti\driverlib\lib\ticlang\m0p\mspm0g1x0x_g3x0x\</path>
         <kind>archive</kind>
         <file>driverlib.a</file>
         <name>dl_spi.o</name>
      </input_file>
      <input_file id="fl-14">
         <path>C:\ti\mspm0_sdk_2_10_00_04\source\ti\driverlib\lib\ticlang\m0p\mspm0g1x0x_g3x0x\</path>
         <kind>archive</kind>
         <file>driverlib.a</file>
         <name>dl_uart.o</name>
      </input_file>
      <input_file id="fl-2b">
         <path>C:\ti\ccs2041\ccs\tools\compiler\ti-cgt-armllvm_4.0.4.LTS\lib\armv6m-ti-none-eabi\c\</path>
         <kind>archive</kind>
         <file>libc.a</file>
         <name>boot_cortex_m.c.obj</name>
      </input_file>
      <input_file id="fl-2c">
         <path>C:\ti\ccs2041\ccs\tools\compiler\ti-cgt-armllvm_4.0.4.LTS\lib\armv6m-ti-none-eabi\c\</path>
         <kind>archive</kind>
         <file>libc.a</file>
         <name>mathacl_init.c.obj</name>
      </input_file>
      <input_file id="fl-2d">
         <path>C:\ti\ccs2041\ccs\tools\compiler\ti-cgt-armllvm_4.0.4.LTS\lib\armv6m-ti-none-eabi\c\</path>
         <kind>archive</kind>
         <file>libc.a</file>
         <name>autoinit.c.obj</name>
      </input_file>
      <input_file id="fl-2e">
         <path>C:\ti\ccs2041\ccs\tools\compiler\ti-cgt-armllvm_4.0.4.LTS\lib\armv6m-ti-none-eabi\c\</path>
         <kind>archive</kind>
         <file>libc.a</file>
         <name>pre_init.c.obj</name>
      </input_file>
      <input_file id="fl-2f">
         <path>C:\ti\ccs2041\ccs\tools\compiler\ti-cgt-armllvm_4.0.4.LTS\lib\armv6m-ti-none-eabi\c\</path>
         <kind>archive</kind>
         <file>libc.a</file>
         <name>cpy_tbl.c.obj</name>
      </input_file>
      <input_file id="fl-30">
         <path>C:\ti\ccs2041\ccs\tools\compiler\ti-cgt-armllvm_4.0.4.LTS\lib\armv6m-ti-none-eabi\c\</path>
         <kind>archive</kind>
         <file>libc.a</file>
         <name>copy_zero_init.c.obj</name>
      </input_file>
      <input_file id="fl-31">
         <path>C:\ti\ccs2041\ccs\tools\compiler\ti-cgt-armllvm_4.0.4.LTS\lib\armv6m-ti-none-eabi\c\</path>
         <kind>archive</kind>
         <file>libc.a</file>
         <name>copy_decompress_none.c.obj</name>
      </input_file>
      <input_file id="fl-32">
         <path>C:\ti\ccs2041\ccs\tools\compiler\ti-cgt-armllvm_4.0.4.LTS\lib\armv6m-ti-none-eabi\c\</path>
         <kind>archive</kind>
         <file>libc.a</file>
         <name>copy_decompress_lzss.c.obj</name>
      </input_file>
      <input_file id="fl-33">
         <path>C:\ti\ccs2041\ccs\tools\compiler\ti-cgt-armllvm_4.0.4.LTS\lib\armv6m-ti-none-eabi\c\</path>
         <kind>archive</kind>
         <file>libc.a</file>
         <name>exit.c.obj</name>
      </input_file>
      <input_file id="fl-34">
         <path>C:\ti\ccs2041\ccs\tools\compiler\ti-cgt-armllvm_4.0.4.LTS\lib\armv6m-ti-none-eabi\c\</path>
         <kind>archive</kind>
         <file>libc.a</file>
         <name>_lock.c.obj</name>
      </input_file>
      <input_file id="fl-35">
         <path>C:\ti\ccs2041\ccs\tools\compiler\ti-cgt-armllvm_4.0.4.LTS\lib\armv6m-ti-none-eabi\c\</path>
         <kind>archive</kind>
         <file>libc.a</file>
         <name>args_main.c.obj</name>
      </input_file>
      <input_file id="fl-d5">
         <path>C:\ti\ccs2041\ccs\tools\compiler\ti-cgt-armllvm_4.0.4.LTS\lib\armv6m-ti-none-eabi\c\</path>
         <kind>archive</kind>
         <file>libsysbm.a</file>
         <name>hostexit.c.obj</name>
      </input_file>
      <input_file id="fl-d6">
         <path>C:\ti\ccs2041\ccs\tools\compiler\ti-cgt-armllvm_4.0.4.LTS\lib\armv6m-ti-none-eabi\</path>
         <kind>archive</kind>
         <file>libclang_rt.builtins.a</file>
         <name>aeabi_memcpy.S.obj</name>
      </input_file>
      <input_file id="fl-d7">
         <path>C:\ti\ccs2041\ccs\tools\compiler\ti-cgt-armllvm_4.0.4.LTS\lib\armv6m-ti-none-eabi\</path>
         <kind>archive</kind>
         <file>libclang_rt.builtins.a</file>
         <name>aeabi_memset.S.obj</name>
      </input_file>
      <input_file id="fl-d8">
         <path>C:\ti\ccs2041\ccs\tools\compiler\ti-cgt-armllvm_4.0.4.LTS\lib\armv6m-ti-none-eabi\</path>
         <kind>archive</kind>
         <file>libclang_rt.builtins.a</file>
         <name>aeabi_uidivmod.S.obj</name>
      </input_file>
      <input_file id="fl-d9">
         <path>C:\ti\ccs2041\ccs\tools\compiler\ti-cgt-armllvm_4.0.4.LTS\lib\armv6m-ti-none-eabi\</path>
         <kind>archive</kind>
         <file>libclang_rt.builtins.a</file>
         <name>aeabi_div0.c.obj</name>
      </input_file>
      <input_file id="fl-da">
         <path>C:\ti\ccs2041\ccs\tools\compiler\ti-cgt-armllvm_4.0.4.LTS\lib\armv6m-ti-none-eabi\c\</path>
         <kind>archive</kind>
         <file>libc.a</file>
         <name>memcpy16.S.obj</name>
      </input_file>
      <input_file id="fl-db">
         <path>C:\ti\ccs2041\ccs\tools\compiler\ti-cgt-armllvm_4.0.4.LTS\lib\armv6m-ti-none-eabi\c\</path>
         <kind>archive</kind>
         <file>libc.a</file>
         <name>memset16.S.obj</name>
      </input_file>
   </input_file_list>
   <object_component_list>
      <object_component id="oc-18">
         <name>.intvecs</name>
         <load_address>0x0</load_address>
         <readonly>true</readonly>
         <run_address>0x0</run_address>
         <size>0xc0</size>
         <alignment>0x4</alignment>
         <input_file_ref idref="fl-3"/>
      </object_component>
      <object_component id="oc-99">
         <name>.text.mcp2515_init</name>
         <load_address>0xc0</load_address>
         <readonly>true</readonly>
         <executable>true</executable>
         <run_address>0xc0</run_address>
         <size>0x61c</size>
         <alignment>0x4</alignment>
         <input_file_ref idref="fl-4"/>
      </object_component>
      <object_component id="oc-9a">
         <name>.text.mcp2515_write_frame</name>
         <load_address>0x6dc</load_address>
         <readonly>true</readonly>
         <executable>true</executable>
         <run_address>0x6dc</run_address>
         <size>0x434</size>
         <alignment>0x4</alignment>
         <input_file_ref idref="fl-4"/>
      </object_component>
      <object_component id="oc-82">
         <name>.text.mcp2515_read_frame</name>
         <load_address>0xb10</load_address>
         <readonly>true</readonly>
         <executable>true</executable>
         <run_address>0xb10</run_address>
         <size>0x3b0</size>
         <alignment>0x4</alignment>
         <input_file_ref idref="fl-4"/>
      </object_component>
      <object_component id="oc-6c">
         <name>.text.main</name>
         <load_address>0xec0</load_address>
         <readonly>true</readonly>
         <executable>true</executable>
         <run_address>0xec0</run_address>
         <size>0x2b8</size>
         <alignment>0x4</alignment>
         <input_file_ref idref="fl-1"/>
      </object_component>
      <object_component id="oc-5b">
         <name>.text.mcp2515_service_rx</name>
         <load_address>0x1178</load_address>
         <readonly>true</readonly>
         <executable>true</executable>
         <run_address>0x1178</run_address>
         <size>0xfc</size>
         <alignment>0x4</alignment>
         <input_file_ref idref="fl-4"/>
      </object_component>
      <object_component id="oc-c6">
         <name>.text.mcp2515_modify_register</name>
         <load_address>0x1274</load_address>
         <readonly>true</readonly>
         <executable>true</executable>
         <run_address>0x1274</run_address>
         <size>0xb8</size>
         <alignment>0x4</alignment>
         <input_file_ref idref="fl-4"/>
      </object_component>
      <object_component id="oc-9d">
         <name>.text.print_hex</name>
         <load_address>0x132c</load_address>
         <readonly>true</readonly>
         <executable>true</executable>
         <run_address>0x132c</run_address>
         <size>0x9c</size>
         <alignment>0x4</alignment>
         <input_file_ref idref="fl-1"/>
      </object_component>
      <object_component id="oc-8e">
         <name>.text:memcpy</name>
         <load_address>0x13c8</load_address>
         <readonly>true</readonly>
         <executable>true</executable>
         <run_address>0x13c8</run_address>
         <size>0x9a</size>
         <alignment>0x1</alignment>
         <input_file_ref idref="fl-da"/>
      </object_component>
      <object_component id="oc-33">
         <name>.text.Default_Handler</name>
         <load_address>0x1462</load_address>
         <readonly>true</readonly>
         <executable>true</executable>
         <run_address>0x1462</run_address>
         <size>0x2</size>
         <alignment>0x2</alignment>
         <input_file_ref idref="fl-3"/>
      </object_component>
      <object_component id="oc-d5">
         <name>.text.SYSCFG_DL_GPIO_init</name>
         <load_address>0x1464</load_address>
         <readonly>true</readonly>
         <executable>true</executable>
         <run_address>0x1464</run_address>
         <size>0x78</size>
         <alignment>0x4</alignment>
         <input_file_ref idref="fl-2"/>
      </object_component>
      <object_component id="oc-98">
         <name>.text.mcp2515_set_bitrate</name>
         <load_address>0x14dc</load_address>
         <readonly>true</readonly>
         <executable>true</executable>
         <run_address>0x14dc</run_address>
         <size>0x70</size>
         <alignment>0x4</alignment>
         <input_file_ref idref="fl-4"/>
      </object_component>
      <object_component id="oc-d3">
         <name>.text:memset</name>
         <load_address>0x154c</load_address>
         <readonly>true</readonly>
         <executable>true</executable>
         <run_address>0x154c</run_address>
         <size>0x62</size>
         <alignment>0x1</alignment>
         <input_file_ref idref="fl-db"/>
      </object_component>
      <object_component id="oc-c7">
         <name>.text.__aeabi_idiv0</name>
         <load_address>0x15ae</load_address>
         <readonly>true</readonly>
         <executable>true</executable>
         <run_address>0x15ae</run_address>
         <size>0x2</size>
         <alignment>0x2</alignment>
         <input_file_ref idref="fl-d9"/>
      </object_component>
      <object_component id="oc-d8">
         <name>.text.SYSCFG_DL_UART_0_init</name>
         <load_address>0x15b0</load_address>
         <readonly>true</readonly>
         <executable>true</executable>
         <run_address>0x15b0</run_address>
         <size>0x60</size>
         <alignment>0x4</alignment>
         <input_file_ref idref="fl-2"/>
      </object_component>
      <object_component id="oc-9c">
         <name>.text.mcp2515_read_can</name>
         <load_address>0x1610</load_address>
         <readonly>true</readonly>
         <executable>true</executable>
         <run_address>0x1610</run_address>
         <size>0x50</size>
         <alignment>0x4</alignment>
         <input_file_ref idref="fl-4"/>
      </object_component>
      <object_component id="oc-d9">
         <name>.text.SYSCFG_DL_SPI_0_init</name>
         <load_address>0x1660</load_address>
         <readonly>true</readonly>
         <executable>true</executable>
         <run_address>0x1660</run_address>
         <size>0x4c</size>
         <alignment>0x4</alignment>
         <input_file_ref idref="fl-2"/>
      </object_component>
      <object_component id="oc-ff">
         <name>.text.DL_UART_init</name>
         <load_address>0x16ac</load_address>
         <readonly>true</readonly>
         <executable>true</executable>
         <run_address>0x16ac</run_address>
         <size>0x48</size>
         <alignment>0x4</alignment>
         <input_file_ref idref="fl-14"/>
      </object_component>
      <object_component id="oc-103">
         <name>.text.DL_SPI_init</name>
         <load_address>0x16f4</load_address>
         <readonly>true</readonly>
         <executable>true</executable>
         <run_address>0x16f4</run_address>
         <size>0x44</size>
         <alignment>0x4</alignment>
         <input_file_ref idref="fl-13"/>
      </object_component>
      <object_component id="oc-d6">
         <name>.text.SYSCFG_DL_SYSCTL_init</name>
         <load_address>0x1738</load_address>
         <readonly>true</readonly>
         <executable>true</executable>
         <run_address>0x1738</run_address>
         <size>0x40</size>
         <alignment>0x4</alignment>
         <input_file_ref idref="fl-2"/>
      </object_component>
      <object_component id="oc-d4">
         <name>.text.SYSCFG_DL_initPower</name>
         <load_address>0x1778</load_address>
         <readonly>true</readonly>
         <executable>true</executable>
         <run_address>0x1778</run_address>
         <size>0x40</size>
         <alignment>0x4</alignment>
         <input_file_ref idref="fl-2"/>
      </object_component>
      <object_component id="oc-83">
         <name>.text.__aeabi_uidivmod</name>
         <load_address>0x17b8</load_address>
         <readonly>true</readonly>
         <executable>true</executable>
         <run_address>0x17b8</run_address>
         <size>0x40</size>
         <alignment>0x4</alignment>
         <input_file_ref idref="fl-d8"/>
      </object_component>
      <object_component id="oc-b2">
         <name>.text:__TI_auto_init_nobinit_nopinit</name>
         <load_address>0x17f8</load_address>
         <readonly>true</readonly>
         <executable>true</executable>
         <run_address>0x17f8</run_address>
         <size>0x3c</size>
         <alignment>0x4</alignment>
         <input_file_ref idref="fl-2d"/>
      </object_component>
      <object_component id="oc-54">
         <name>.text:_c_int00_noargs</name>
         <load_address>0x1834</load_address>
         <readonly>true</readonly>
         <executable>true</executable>
         <run_address>0x1834</run_address>
         <size>0x28</size>
         <alignment>0x4</alignment>
         <input_file_ref idref="fl-2b"/>
      </object_component>
      <object_component id="oc-93">
         <name>.text.SYSCFG_DL_init</name>
         <load_address>0x185c</load_address>
         <readonly>true</readonly>
         <executable>true</executable>
         <run_address>0x185c</run_address>
         <size>0x24</size>
         <alignment>0x4</alignment>
         <input_file_ref idref="fl-2"/>
      </object_component>
      <object_component id="oc-7c">
         <name>.text.DL_SPI_receiveDataBlocking8</name>
         <load_address>0x1880</load_address>
         <readonly>true</readonly>
         <executable>true</executable>
         <run_address>0x1880</run_address>
         <size>0x20</size>
         <alignment>0x4</alignment>
         <input_file_ref idref="fl-13"/>
      </object_component>
      <object_component id="oc-34">
         <name>.text.GROUP1_IRQHandler</name>
         <load_address>0x18a0</load_address>
         <readonly>true</readonly>
         <executable>true</executable>
         <run_address>0x18a0</run_address>
         <size>0x18</size>
         <alignment>0x4</alignment>
         <input_file_ref idref="fl-4"/>
      </object_component>
      <object_component id="oc-102">
         <name>.text.DL_SPI_setClockConfig</name>
         <load_address>0x18b8</load_address>
         <readonly>true</readonly>
         <executable>true</executable>
         <run_address>0x18b8</run_address>
         <size>0x12</size>
         <alignment>0x2</alignment>
         <input_file_ref idref="fl-13"/>
      </object_component>
      <object_component id="oc-f9">
         <name>.text.DL_UART_setClockConfig</name>
         <load_address>0x18ca</load_address>
         <readonly>true</readonly>
         <executable>true</executable>
         <run_address>0x18ca</run_address>
         <size>0x12</size>
         <alignment>0x2</alignment>
         <input_file_ref idref="fl-14"/>
      </object_component>
      <object_component id="oc-9b">
         <name>.text.mcp2515_available</name>
         <load_address>0x18dc</load_address>
         <readonly>true</readonly>
         <executable>true</executable>
         <run_address>0x18dc</run_address>
         <size>0x10</size>
         <alignment>0x4</alignment>
         <input_file_ref idref="fl-4"/>
      </object_component>
      <object_component id="oc-51">
         <name>.text:decompress:ZI</name>
         <load_address>0x18ec</load_address>
         <readonly>true</readonly>
         <executable>true</executable>
         <run_address>0x18ec</run_address>
         <size>0x10</size>
         <alignment>0x2</alignment>
         <input_file_ref idref="fl-30"/>
      </object_component>
      <object_component id="oc-63">
         <name>.text.__aeabi_memclr</name>
         <load_address>0x18fc</load_address>
         <readonly>true</readonly>
         <executable>true</executable>
         <run_address>0x18fc</run_address>
         <size>0xc</size>
         <alignment>0x4</alignment>
         <input_file_ref idref="fl-d7"/>
      </object_component>
      <object_component id="oc-9e">
         <name>.text.DL_Common_delayCycles</name>
         <load_address>0x1908</load_address>
         <readonly>true</readonly>
         <executable>true</executable>
         <run_address>0x1908</run_address>
         <size>0xa</size>
         <alignment>0x2</alignment>
         <input_file_ref idref="fl-12"/>
      </object_component>
      <object_component id="oc-44">
         <name>.text.__aeabi_memcpy</name>
         <load_address>0x1914</load_address>
         <readonly>true</readonly>
         <executable>true</executable>
         <run_address>0x1914</run_address>
         <size>0x8</size>
         <alignment>0x4</alignment>
         <input_file_ref idref="fl-d6"/>
      </object_component>
      <object_component id="oc-ab">
         <name>.text:abort</name>
         <load_address>0x191c</load_address>
         <readonly>true</readonly>
         <executable>true</executable>
         <run_address>0x191c</run_address>
         <size>0x6</size>
         <alignment>0x2</alignment>
         <input_file_ref idref="fl-33"/>
      </object_component>
      <object_component id="oc-e5">
         <name>.text.HOSTexit</name>
         <load_address>0x1922</load_address>
         <readonly>true</readonly>
         <executable>true</executable>
         <run_address>0x1922</run_address>
         <size>0x4</size>
         <alignment>0x2</alignment>
         <input_file_ref idref="fl-d5"/>
      </object_component>
      <object_component id="oc-2f">
         <name>.text.Reset_Handler</name>
         <load_address>0x1926</load_address>
         <readonly>true</readonly>
         <executable>true</executable>
         <run_address>0x1926</run_address>
         <size>0x4</size>
         <alignment>0x2</alignment>
         <input_file_ref idref="fl-3"/>
      </object_component>
      <object_component id="oc-68">
         <name>.text._system_pre_init</name>
         <load_address>0x192a</load_address>
         <readonly>true</readonly>
         <executable>true</executable>
         <run_address>0x192a</run_address>
         <size>0x4</size>
         <alignment>0x2</alignment>
         <input_file_ref idref="fl-2e"/>
      </object_component>
      <object_component id="oc-154">
         <name>.cinit..bss.load</name>
         <load_address>0x1a20</load_address>
         <readonly>true</readonly>
         <run_address>0x1a20</run_address>
         <size>0x8</size>
         <alignment>0x4</alignment>
      </object_component>
      <object_component id="oc-152">
         <name>__TI_handler_table</name>
         <load_address>0x1a28</load_address>
         <readonly>true</readonly>
         <run_address>0x1a28</run_address>
         <size>0x4</size>
         <alignment>0x4</alignment>
      </object_component>
      <object_component id="oc-153">
         <name>__TI_cinit_table</name>
         <load_address>0x1a2c</load_address>
         <readonly>true</readonly>
         <run_address>0x1a2c</run_address>
         <size>0x8</size>
         <alignment>0x4</alignment>
      </object_component>
      <object_component id="oc-dd">
         <name>.rodata.cst16</name>
         <load_address>0x1930</load_address>
         <readonly>true</readonly>
         <run_address>0x1930</run_address>
         <size>0x60</size>
         <alignment>0x1</alignment>
         <input_file_ref idref="fl-4"/>
      </object_component>
      <object_component id="oc-a3">
         <name>.rodata.str1.17100691992556644108.1</name>
         <load_address>0x1990</load_address>
         <readonly>true</readonly>
         <run_address>0x1990</run_address>
         <size>0x1e</size>
         <alignment>0x1</alignment>
         <input_file_ref idref="fl-1"/>
      </object_component>
      <object_component id="oc-a2">
         <name>.rodata.str1.15159059442110792349.1</name>
         <load_address>0x19ae</load_address>
         <readonly>true</readonly>
         <run_address>0x19ae</run_address>
         <size>0x17</size>
         <alignment>0x1</alignment>
         <input_file_ref idref="fl-1"/>
      </object_component>
      <object_component id="oc-a4">
         <name>.rodata.str1.8154729771448623357.1</name>
         <load_address>0x19c5</load_address>
         <readonly>true</readonly>
         <run_address>0x19c5</run_address>
         <size>0x15</size>
         <alignment>0x1</alignment>
         <input_file_ref idref="fl-1"/>
      </object_component>
      <object_component id="oc-a7">
         <name>.rodata.str1.288608917962107522.1</name>
         <load_address>0x19da</load_address>
         <readonly>true</readonly>
         <run_address>0x19da</run_address>
         <size>0x11</size>
         <alignment>0x1</alignment>
         <input_file_ref idref="fl-1"/>
      </object_component>
      <object_component id="oc-a5">
         <name>.rodata.str1.18227636981041470289.1</name>
         <load_address>0x19eb</load_address>
         <readonly>true</readonly>
         <run_address>0x19eb</run_address>
         <size>0xc</size>
         <alignment>0x1</alignment>
         <input_file_ref idref="fl-1"/>
      </object_component>
      <object_component id="oc-105">
         <name>.rodata.gSPI_0_config</name>
         <load_address>0x19f8</load_address>
         <readonly>true</readonly>
         <run_address>0x19f8</run_address>
         <size>0xa</size>
         <alignment>0x2</alignment>
         <input_file_ref idref="fl-2"/>
      </object_component>
      <object_component id="oc-101">
         <name>.rodata.gUART_0Config</name>
         <load_address>0x1a02</load_address>
         <readonly>true</readonly>
         <run_address>0x1a02</run_address>
         <size>0xa</size>
         <alignment>0x2</alignment>
         <input_file_ref idref="fl-2"/>
      </object_component>
      <object_component id="oc-e1">
         <name>.rodata.TXB_REGS</name>
         <load_address>0x1a0c</load_address>
         <readonly>true</readonly>
         <run_address>0x1a0c</run_address>
         <size>0x6</size>
         <alignment>0x1</alignment>
         <input_file_ref idref="fl-4"/>
      </object_component>
      <object_component id="oc-104">
         <name>.rodata.gSPI_0_clockConfig</name>
         <load_address>0x1a12</load_address>
         <readonly>true</readonly>
         <run_address>0x1a12</run_address>
         <size>0x2</size>
         <alignment>0x1</alignment>
         <input_file_ref idref="fl-2"/>
      </object_component>
      <object_component id="oc-100">
         <name>.rodata.gUART_0ClockConfig</name>
         <load_address>0x1a14</load_address>
         <readonly>true</readonly>
         <run_address>0x1a14</run_address>
         <size>0x2</size>
         <alignment>0x1</alignment>
         <input_file_ref idref="fl-2"/>
      </object_component>
      <object_component id="oc-a8">
         <name>.rodata.str1.12180500075719773345.1</name>
         <load_address>0x1a16</load_address>
         <readonly>true</readonly>
         <run_address>0x1a16</run_address>
         <size>0x2</size>
         <alignment>0x1</alignment>
         <input_file_ref idref="fl-1"/>
      </object_component>
      <object_component id="oc-a6">
         <name>.rodata.str1.2846389346932560359.1</name>
         <load_address>0x1a18</load_address>
         <readonly>true</readonly>
         <run_address>0x1a18</run_address>
         <size>0x2</size>
         <alignment>0x1</alignment>
         <input_file_ref idref="fl-1"/>
      </object_component>
      <object_component id="oc-11c">
         <name>.binit</name>
         <load_address>0x0</load_address>
         <readonly>true</readonly>
         <run_address>0x0</run_address>
         <size>0x0</size>
         <alignment>0x4</alignment>
      </object_component>
      <object_component id="oc-87">
         <name>.bss.spi_inst</name>
         <uninitialized>true</uninitialized>
         <readwrite>true</readwrite>
         <run_address>0x2020041c</run_address>
         <size>0x4</size>
         <alignment>0x4</alignment>
         <input_file_ref idref="fl-4"/>
      </object_component>
      <object_component id="oc-de">
         <name>.bss.bitrate_prescaler.0</name>
         <uninitialized>true</uninitialized>
         <readwrite>true</readwrite>
         <run_address>0x20200420</run_address>
         <size>0x1</size>
         <alignment>0x1</alignment>
         <input_file_ref idref="fl-4"/>
      </object_component>
      <object_component id="oc-df">
         <name>.bss.bitrate_prescaler.1</name>
         <uninitialized>true</uninitialized>
         <readwrite>true</readwrite>
         <run_address>0x20200421</run_address>
         <size>0x1</size>
         <alignment>0x1</alignment>
         <input_file_ref idref="fl-4"/>
      </object_component>
      <object_component id="oc-e0">
         <name>.bss.bitrate_prescaler.2</name>
         <uninitialized>true</uninitialized>
         <readwrite>true</readwrite>
         <run_address>0x20200422</run_address>
         <size>0x1</size>
         <alignment>0x1</alignment>
         <input_file_ref idref="fl-4"/>
      </object_component>
      <object_component id="oc-88">
         <name>.bss.msgbuf</name>
         <uninitialized>true</uninitialized>
         <readwrite>true</readwrite>
         <run_address>0x20200000</run_address>
         <size>0x3f4</size>
         <alignment>0x4</alignment>
         <input_file_ref idref="fl-4"/>
      </object_component>
      <object_component id="oc-da">
         <name>.common:gSPI_0Backup</name>
         <uninitialized>true</uninitialized>
         <readwrite>true</readwrite>
         <run_address>0x202003f4</run_address>
         <size>0x28</size>
         <alignment>0x4</alignment>
      </object_component>
      <object_component id="oc-1a">
         <name>.stack</name>
         <uninitialized>true</uninitialized>
         <readwrite>true</readwrite>
         <run_address>0x20207e00</run_address>
         <size>0x4</size>
         <alignment>0x4</alignment>
         <input_file_ref idref="fl-2b"/>
      </object_component>
      <object_component id="oc-156">
         <name>.stack</name>
         <uninitialized>true</uninitialized>
         <readwrite>true</readwrite>
         <run_address>0x20207e00</run_address>
         <size>0x0</size>
         <alignment>0x8</alignment>
      </object_component>
      <object_component id="oc-6d">
         <name>.debug_loc</name>
         <load_address>0x0</load_address>
         <run_address>0x0</run_address>
         <size>0x8f1</size>
         <alignment>0x1</alignment>
         <input_file_ref idref="fl-1"/>
      </object_component>
      <object_component id="oc-d7">
         <name>.debug_loc</name>
         <load_address>0x8f1</load_address>
         <run_address>0x8f1</run_address>
         <size>0x165</size>
         <alignment>0x1</alignment>
         <input_file_ref idref="fl-2"/>
      </object_component>
      <object_component id="oc-5c">
         <name>.debug_loc</name>
         <load_address>0xa56</load_address>
         <run_address>0xa56</run_address>
         <size>0x2734</size>
         <alignment>0x1</alignment>
         <input_file_ref idref="fl-4"/>
      </object_component>
      <object_component id="oc-e4">
         <name>.debug_loc</name>
         <load_address>0x318a</load_address>
         <run_address>0x318a</run_address>
         <size>0x13</size>
         <alignment>0x1</alignment>
         <input_file_ref idref="fl-12"/>
      </object_component>
      <object_component id="oc-7f">
         <name>.debug_loc</name>
         <load_address>0x319d</load_address>
         <run_address>0x319d</run_address>
         <size>0x88e</size>
         <alignment>0x1</alignment>
         <input_file_ref idref="fl-13"/>
      </object_component>
      <object_component id="oc-fc">
         <name>.debug_loc</name>
         <load_address>0x3a2b</load_address>
         <run_address>0x3a2b</run_address>
         <size>0x7e4</size>
         <alignment>0x1</alignment>
         <input_file_ref idref="fl-14"/>
      </object_component>
      <object_component id="oc-3f">
         <name>.debug_loc</name>
         <load_address>0x420f</load_address>
         <run_address>0x420f</run_address>
         <size>0xd8</size>
         <alignment>0x1</alignment>
         <input_file_ref idref="fl-2b"/>
      </object_component>
      <object_component id="oc-b5">
         <name>.debug_loc</name>
         <load_address>0x42e7</load_address>
         <run_address>0x42e7</run_address>
         <size>0x424</size>
         <alignment>0x1</alignment>
         <input_file_ref idref="fl-2d"/>
      </object_component>
      <object_component id="oc-4f">
         <name>.debug_loc</name>
         <load_address>0x470b</load_address>
         <run_address>0x470b</run_address>
         <size>0x16c</size>
         <alignment>0x1</alignment>
         <input_file_ref idref="fl-30"/>
      </object_component>
      <object_component id="oc-b1">
         <name>.debug_loc</name>
         <load_address>0x4877</load_address>
         <run_address>0x4877</run_address>
         <size>0x26</size>
         <alignment>0x1</alignment>
         <input_file_ref idref="fl-33"/>
      </object_component>
      <object_component id="oc-f7">
         <name>.debug_loc</name>
         <load_address>0x489d</load_address>
         <run_address>0x489d</run_address>
         <size>0x20</size>
         <alignment>0x1</alignment>
         <input_file_ref idref="fl-d9"/>
      </object_component>
      <object_component id="oc-a9">
         <name>.debug_abbrev</name>
         <load_address>0x0</load_address>
         <run_address>0x0</run_address>
         <size>0x1ff</size>
         <alignment>0x1</alignment>
         <input_file_ref idref="fl-1"/>
      </object_component>
      <object_component id="oc-db">
         <name>.debug_abbrev</name>
         <load_address>0x1ff</load_address>
         <run_address>0x1ff</run_address>
         <size>0x201</size>
         <alignment>0x1</alignment>
         <input_file_ref idref="fl-2"/>
      </object_component>
      <object_component id="oc-39">
         <name>.debug_abbrev</name>
         <load_address>0x400</load_address>
         <run_address>0x400</run_address>
         <size>0x6d</size>
         <alignment>0x1</alignment>
         <input_file_ref idref="fl-3"/>
      </object_component>
      <object_component id="oc-5d">
         <name>.debug_abbrev</name>
         <load_address>0x46d</load_address>
         <run_address>0x46d</run_address>
         <size>0x35c</size>
         <alignment>0x1</alignment>
         <input_file_ref idref="fl-4"/>
      </object_component>
      <object_component id="oc-e2">
         <name>.debug_abbrev</name>
         <load_address>0x7c9</load_address>
         <run_address>0x7c9</run_address>
         <size>0x62</size>
         <alignment>0x1</alignment>
         <input_file_ref idref="fl-12"/>
      </object_component>
      <object_component id="oc-c4">
         <name>.debug_abbrev</name>
         <load_address>0x82b</load_address>
         <run_address>0x82b</run_address>
         <size>0x277</size>
         <alignment>0x1</alignment>
         <input_file_ref idref="fl-13"/>
      </object_component>
      <object_component id="oc-111">
         <name>.debug_abbrev</name>
         <load_address>0xaa2</load_address>
         <run_address>0xaa2</run_address>
         <size>0x29b</size>
         <alignment>0x1</alignment>
         <input_file_ref idref="fl-14"/>
      </object_component>
      <object_component id="oc-3b">
         <name>.debug_abbrev</name>
         <load_address>0xd3d</load_address>
         <run_address>0xd3d</run_address>
         <size>0xaf</size>
         <alignment>0x1</alignment>
         <input_file_ref idref="fl-2b"/>
      </object_component>
      <object_component id="oc-ef">
         <name>.debug_abbrev</name>
         <load_address>0xdec</load_address>
         <run_address>0xdec</run_address>
         <size>0x170</size>
         <alignment>0x1</alignment>
         <input_file_ref idref="fl-2d"/>
      </object_component>
      <object_component id="oc-91">
         <name>.debug_abbrev</name>
         <load_address>0xf5c</load_address>
         <run_address>0xf5c</run_address>
         <size>0x39</size>
         <alignment>0x1</alignment>
         <input_file_ref idref="fl-2e"/>
      </object_component>
      <object_component id="oc-61">
         <name>.debug_abbrev</name>
         <load_address>0xf95</load_address>
         <run_address>0xf95</run_address>
         <size>0xc2</size>
         <alignment>0x1</alignment>
         <input_file_ref idref="fl-30"/>
      </object_component>
      <object_component id="oc-e9">
         <name>.debug_abbrev</name>
         <load_address>0x1057</load_address>
         <run_address>0x1057</run_address>
         <size>0x98</size>
         <alignment>0x1</alignment>
         <input_file_ref idref="fl-33"/>
      </object_component>
      <object_component id="oc-106">
         <name>.debug_abbrev</name>
         <load_address>0x10ef</load_address>
         <run_address>0x10ef</run_address>
         <size>0x2c</size>
         <alignment>0x1</alignment>
         <input_file_ref idref="fl-d5"/>
      </object_component>
      <object_component id="oc-60">
         <name>.debug_abbrev</name>
         <load_address>0x111b</load_address>
         <run_address>0x111b</run_address>
         <size>0x27</size>
         <alignment>0x1</alignment>
         <input_file_ref idref="fl-d6"/>
      </object_component>
      <object_component id="oc-90">
         <name>.debug_abbrev</name>
         <load_address>0x1142</load_address>
         <run_address>0x1142</run_address>
         <size>0x25</size>
         <alignment>0x1</alignment>
         <input_file_ref idref="fl-d7"/>
      </object_component>
      <object_component id="oc-cc">
         <name>.debug_abbrev</name>
         <load_address>0x1167</load_address>
         <run_address>0x1167</run_address>
         <size>0x27</size>
         <alignment>0x1</alignment>
         <input_file_ref idref="fl-d8"/>
      </object_component>
      <object_component id="oc-f5">
         <name>.debug_abbrev</name>
         <load_address>0x118e</load_address>
         <run_address>0x118e</run_address>
         <size>0x59</size>
         <alignment>0x1</alignment>
         <input_file_ref idref="fl-d9"/>
      </object_component>
      <object_component id="oc-cd">
         <name>.debug_abbrev</name>
         <load_address>0x11e7</load_address>
         <run_address>0x11e7</run_address>
         <size>0x25</size>
         <alignment>0x1</alignment>
         <input_file_ref idref="fl-da"/>
      </object_component>
      <object_component id="oc-f8">
         <name>.debug_abbrev</name>
         <load_address>0x120c</load_address>
         <run_address>0x120c</run_address>
         <size>0x25</size>
         <alignment>0x1</alignment>
         <input_file_ref idref="fl-db"/>
      </object_component>
      <object_component id="oc-158">
         <name>.debug_abbrev</name>
         <load_address>0x1231</load_address>
         <run_address>0x1231</run_address>
         <size>0xf</size>
         <alignment>0x0</alignment>
      </object_component>
      <object_component id="oc-6e">
         <name>.debug_info</name>
         <load_address>0x0</load_address>
         <run_address>0x0</run_address>
         <size>0x1164</size>
         <alignment>0x1</alignment>
         <input_file_ref idref="fl-1"/>
      </object_component>
      <object_component id="oc-96">
         <name>.debug_info</name>
         <load_address>0x1164</load_address>
         <run_address>0x1164</run_address>
         <size>0x2684</size>
         <alignment>0x1</alignment>
         <input_file_ref idref="fl-2"/>
      </object_component>
      <object_component id="oc-19">
         <name>.debug_info</name>
         <load_address>0x37e8</load_address>
         <run_address>0x37e8</run_address>
         <size>0x80</size>
         <alignment>0x1</alignment>
         <input_file_ref idref="fl-3"/>
      </object_component>
      <object_component id="oc-35">
         <name>.debug_info</name>
         <load_address>0x3868</load_address>
         <run_address>0x3868</run_address>
         <size>0x355b</size>
         <alignment>0x1</alignment>
         <input_file_ref idref="fl-4"/>
      </object_component>
      <object_component id="oc-a1">
         <name>.debug_info</name>
         <load_address>0x6dc3</load_address>
         <run_address>0x6dc3</run_address>
         <size>0x75</size>
         <alignment>0x1</alignment>
         <input_file_ref idref="fl-12"/>
      </object_component>
      <object_component id="oc-7d">
         <name>.debug_info</name>
         <load_address>0x6e38</load_address>
         <run_address>0x6e38</run_address>
         <size>0x118a</size>
         <alignment>0x1</alignment>
         <input_file_ref idref="fl-13"/>
      </object_component>
      <object_component id="oc-fb">
         <name>.debug_info</name>
         <load_address>0x7fc2</load_address>
         <run_address>0x7fc2</run_address>
         <size>0x12cf</size>
         <alignment>0x1</alignment>
         <input_file_ref idref="fl-14"/>
      </object_component>
      <object_component id="oc-1b">
         <name>.debug_info</name>
         <load_address>0x9291</load_address>
         <run_address>0x9291</run_address>
         <size>0x423</size>
         <alignment>0x1</alignment>
         <input_file_ref idref="fl-2b"/>
      </object_component>
      <object_component id="oc-b3">
         <name>.debug_info</name>
         <load_address>0x96b4</load_address>
         <run_address>0x96b4</run_address>
         <size>0x744</size>
         <alignment>0x1</alignment>
         <input_file_ref idref="fl-2d"/>
      </object_component>
      <object_component id="oc-69">
         <name>.debug_info</name>
         <load_address>0x9df8</load_address>
         <run_address>0x9df8</run_address>
         <size>0x46</size>
         <alignment>0x1</alignment>
         <input_file_ref idref="fl-2e"/>
      </object_component>
      <object_component id="oc-50">
         <name>.debug_info</name>
         <load_address>0x9e3e</load_address>
         <run_address>0x9e3e</run_address>
         <size>0x192</size>
         <alignment>0x1</alignment>
         <input_file_ref idref="fl-30"/>
      </object_component>
      <object_component id="oc-ad">
         <name>.debug_info</name>
         <load_address>0x9fd0</load_address>
         <run_address>0x9fd0</run_address>
         <size>0xf8</size>
         <alignment>0x1</alignment>
         <input_file_ref idref="fl-33"/>
      </object_component>
      <object_component id="oc-e7">
         <name>.debug_info</name>
         <load_address>0xa0c8</load_address>
         <run_address>0xa0c8</run_address>
         <size>0x3b</size>
         <alignment>0x1</alignment>
         <input_file_ref idref="fl-d5"/>
      </object_component>
      <object_component id="oc-45">
         <name>.debug_info</name>
         <load_address>0xa103</load_address>
         <run_address>0xa103</run_address>
         <size>0x18b</size>
         <alignment>0x1</alignment>
         <input_file_ref idref="fl-d6"/>
      </object_component>
      <object_component id="oc-64">
         <name>.debug_info</name>
         <load_address>0xa28e</load_address>
         <run_address>0xa28e</run_address>
         <size>0x1a7</size>
         <alignment>0x1</alignment>
         <input_file_ref idref="fl-d7"/>
      </object_component>
      <object_component id="oc-84">
         <name>.debug_info</name>
         <load_address>0xa435</load_address>
         <run_address>0xa435</run_address>
         <size>0x1ae</size>
         <alignment>0x1</alignment>
         <input_file_ref idref="fl-d8"/>
      </object_component>
      <object_component id="oc-c8">
         <name>.debug_info</name>
         <load_address>0xa5e3</load_address>
         <run_address>0xa5e3</run_address>
         <size>0x85</size>
         <alignment>0x1</alignment>
         <input_file_ref idref="fl-d9"/>
      </object_component>
      <object_component id="oc-8d">
         <name>.debug_info</name>
         <load_address>0xa668</load_address>
         <run_address>0xa668</run_address>
         <size>0x2f3</size>
         <alignment>0x1</alignment>
         <input_file_ref idref="fl-da"/>
      </object_component>
      <object_component id="oc-d1">
         <name>.debug_info</name>
         <load_address>0xa95b</load_address>
         <run_address>0xa95b</run_address>
         <size>0x23d</size>
         <alignment>0x1</alignment>
         <input_file_ref idref="fl-db"/>
      </object_component>
      <object_component id="oc-157">
         <name>.debug_info</name>
         <load_address>0xab98</load_address>
         <run_address>0xab98</run_address>
         <size>0xa9</size>
         <alignment>0x0</alignment>
      </object_component>
      <object_component id="oc-71">
         <name>.debug_ranges</name>
         <load_address>0x0</load_address>
         <run_address>0x0</run_address>
         <size>0x2d8</size>
         <alignment>0x1</alignment>
         <input_file_ref idref="fl-1"/>
      </object_component>
      <object_component id="oc-97">
         <name>.debug_ranges</name>
         <load_address>0x2d8</load_address>
         <run_address>0x2d8</run_address>
         <size>0x48</size>
         <alignment>0x1</alignment>
         <input_file_ref idref="fl-2"/>
      </object_component>
      <object_component id="oc-32">
         <name>.debug_ranges</name>
         <load_address>0x320</load_address>
         <run_address>0x320</run_address>
         <size>0x18</size>
         <alignment>0x1</alignment>
         <input_file_ref idref="fl-3"/>
      </object_component>
      <object_component id="oc-36">
         <name>.debug_ranges</name>
         <load_address>0x338</load_address>
         <run_address>0x338</run_address>
         <size>0x1560</size>
         <alignment>0x1</alignment>
         <input_file_ref idref="fl-4"/>
      </object_component>
      <object_component id="oc-7e">
         <name>.debug_ranges</name>
         <load_address>0x1898</load_address>
         <run_address>0x1898</run_address>
         <size>0x3f0</size>
         <alignment>0x1</alignment>
         <input_file_ref idref="fl-13"/>
      </object_component>
      <object_component id="oc-fe">
         <name>.debug_ranges</name>
         <load_address>0x1c88</load_address>
         <run_address>0x1c88</run_address>
         <size>0x1c8</size>
         <alignment>0x1</alignment>
         <input_file_ref idref="fl-14"/>
      </object_component>
      <object_component id="oc-3e">
         <name>.debug_ranges</name>
         <load_address>0x1e50</load_address>
         <run_address>0x1e50</run_address>
         <size>0x48</size>
         <alignment>0x1</alignment>
         <input_file_ref idref="fl-2b"/>
      </object_component>
      <object_component id="oc-b7">
         <name>.debug_ranges</name>
         <load_address>0x1e98</load_address>
         <run_address>0x1e98</run_address>
         <size>0x48</size>
         <alignment>0x1</alignment>
         <input_file_ref idref="fl-2d"/>
      </object_component>
      <object_component id="oc-4c">
         <name>.debug_ranges</name>
         <load_address>0x1ee0</load_address>
         <run_address>0x1ee0</run_address>
         <size>0x18</size>
         <alignment>0x1</alignment>
         <input_file_ref idref="fl-30"/>
      </object_component>
      <object_component id="oc-ae">
         <name>.debug_ranges</name>
         <load_address>0x1ef8</load_address>
         <run_address>0x1ef8</run_address>
         <size>0x18</size>
         <alignment>0x1</alignment>
         <input_file_ref idref="fl-33"/>
      </object_component>
      <object_component id="oc-67">
         <name>.debug_ranges</name>
         <load_address>0x1f10</load_address>
         <run_address>0x1f10</run_address>
         <size>0x28</size>
         <alignment>0x1</alignment>
         <input_file_ref idref="fl-d7"/>
      </object_component>
      <object_component id="oc-c9">
         <name>.debug_ranges</name>
         <load_address>0x1f38</load_address>
         <run_address>0x1f38</run_address>
         <size>0x18</size>
         <alignment>0x1</alignment>
         <input_file_ref idref="fl-d9"/>
      </object_component>
      <object_component id="oc-8c">
         <name>.debug_ranges</name>
         <load_address>0x1f50</load_address>
         <run_address>0x1f50</run_address>
         <size>0x28</size>
         <alignment>0x1</alignment>
         <input_file_ref idref="fl-da"/>
      </object_component>
      <object_component id="oc-d2">
         <name>.debug_ranges</name>
         <load_address>0x1f78</load_address>
         <run_address>0x1f78</run_address>
         <size>0x28</size>
         <alignment>0x1</alignment>
         <input_file_ref idref="fl-db"/>
      </object_component>
      <object_component id="oc-aa">
         <name>.debug_str</name>
         <load_address>0x0</load_address>
         <run_address>0x0</run_address>
         <size>0x531</size>
         <alignment>0x1</alignment>
         <input_file_ref idref="fl-1"/>
      </object_component>
      <object_component id="oc-dc">
         <name>.debug_str</name>
         <load_address>0x531</load_address>
         <run_address>0x531</run_address>
         <size>0x208a</size>
         <alignment>0x1</alignment>
         <input_file_ref idref="fl-2"/>
      </object_component>
      <object_component id="oc-3a">
         <name>.debug_str</name>
         <load_address>0x25bb</load_address>
         <run_address>0x25bb</run_address>
         <size>0x160</size>
         <alignment>0x1</alignment>
         <input_file_ref idref="fl-3"/>
      </object_component>
      <object_component id="oc-5e">
         <name>.debug_str</name>
         <load_address>0x271b</load_address>
         <run_address>0x271b</run_address>
         <size>0xd90</size>
         <alignment>0x1</alignment>
         <input_file_ref idref="fl-4"/>
      </object_component>
      <object_component id="oc-e3">
         <name>.debug_str</name>
         <load_address>0x34ab</load_address>
         <run_address>0x34ab</run_address>
         <size>0x16d</size>
         <alignment>0x1</alignment>
         <input_file_ref idref="fl-12"/>
      </object_component>
      <object_component id="oc-c5">
         <name>.debug_str</name>
         <load_address>0x3618</load_address>
         <run_address>0x3618</run_address>
         <size>0xc49</size>
         <alignment>0x1</alignment>
         <input_file_ref idref="fl-13"/>
      </object_component>
      <object_component id="oc-112">
         <name>.debug_str</name>
         <load_address>0x4261</load_address>
         <run_address>0x4261</run_address>
         <size>0xcf2</size>
         <alignment>0x1</alignment>
         <input_file_ref idref="fl-14"/>
      </object_component>
      <object_component id="oc-3c">
         <name>.debug_str</name>
         <load_address>0x4f53</load_address>
         <run_address>0x4f53</run_address>
         <size>0x21e</size>
         <alignment>0x1</alignment>
         <input_file_ref idref="fl-2b"/>
      </object_component>
      <object_component id="oc-f0">
         <name>.debug_str</name>
         <load_address>0x5171</load_address>
         <run_address>0x5171</run_address>
         <size>0x328</size>
         <alignment>0x1</alignment>
         <input_file_ref idref="fl-2d"/>
      </object_component>
      <object_component id="oc-92">
         <name>.debug_str</name>
         <load_address>0x5499</load_address>
         <run_address>0x5499</run_address>
         <size>0xee</size>
         <alignment>0x1</alignment>
         <input_file_ref idref="fl-2e"/>
      </object_component>
      <object_component id="oc-62">
         <name>.debug_str</name>
         <load_address>0x5587</load_address>
         <run_address>0x5587</run_address>
         <size>0x194</size>
         <alignment>0x1</alignment>
         <input_file_ref idref="fl-30"/>
      </object_component>
      <object_component id="oc-ea">
         <name>.debug_str</name>
         <load_address>0x571b</load_address>
         <run_address>0x571b</run_address>
         <size>0x141</size>
         <alignment>0x1</alignment>
         <input_file_ref idref="fl-33"/>
      </object_component>
      <object_component id="oc-107">
         <name>.debug_str</name>
         <load_address>0x585c</load_address>
         <run_address>0x585c</run_address>
         <size>0xe2</size>
         <alignment>0x1</alignment>
         <input_file_ref idref="fl-d5"/>
      </object_component>
      <object_component id="oc-f6">
         <name>.debug_str</name>
         <load_address>0x593e</load_address>
         <run_address>0x593e</run_address>
         <size>0x185</size>
         <alignment>0x1</alignment>
         <input_file_ref idref="fl-d9"/>
      </object_component>
      <object_component id="oc-6f">
         <name>.debug_frame</name>
         <load_address>0x0</load_address>
         <run_address>0x0</run_address>
         <size>0x70</size>
         <alignment>0x4</alignment>
         <input_file_ref idref="fl-1"/>
      </object_component>
      <object_component id="oc-94">
         <name>.debug_frame</name>
         <load_address>0x70</load_address>
         <run_address>0x70</run_address>
         <size>0xc0</size>
         <alignment>0x4</alignment>
         <input_file_ref idref="fl-2"/>
      </object_component>
      <object_component id="oc-30">
         <name>.debug_frame</name>
         <load_address>0x130</load_address>
         <run_address>0x130</run_address>
         <size>0x30</size>
         <alignment>0x4</alignment>
         <input_file_ref idref="fl-3"/>
      </object_component>
      <object_component id="oc-38">
         <name>.debug_frame</name>
         <load_address>0x160</load_address>
         <run_address>0x160</run_address>
         <size>0x27c</size>
         <alignment>0x4</alignment>
         <input_file_ref idref="fl-4"/>
      </object_component>
      <object_component id="oc-9f">
         <name>.debug_frame</name>
         <load_address>0x3dc</load_address>
         <run_address>0x3dc</run_address>
         <size>0x20</size>
         <alignment>0x4</alignment>
         <input_file_ref idref="fl-12"/>
      </object_component>
      <object_component id="oc-81">
         <name>.debug_frame</name>
         <load_address>0x3fc</load_address>
         <run_address>0x3fc</run_address>
         <size>0x234</size>
         <alignment>0x4</alignment>
         <input_file_ref idref="fl-13"/>
      </object_component>
      <object_component id="oc-fa">
         <name>.debug_frame</name>
         <load_address>0x630</load_address>
         <run_address>0x630</run_address>
         <size>0x1b8</size>
         <alignment>0x4</alignment>
         <input_file_ref idref="fl-14"/>
      </object_component>
      <object_component id="oc-53">
         <name>.debug_frame</name>
         <load_address>0x7e8</load_address>
         <run_address>0x7e8</run_address>
         <size>0x90</size>
         <alignment>0x4</alignment>
         <input_file_ref idref="fl-2b"/>
      </object_component>
      <object_component id="oc-b4">
         <name>.debug_frame</name>
         <load_address>0x878</load_address>
         <run_address>0x878</run_address>
         <size>0x100</size>
         <alignment>0x4</alignment>
         <input_file_ref idref="fl-2d"/>
      </object_component>
      <object_component id="oc-6b">
         <name>.debug_frame</name>
         <load_address>0x978</load_address>
         <run_address>0x978</run_address>
         <size>0x20</size>
         <alignment>0x4</alignment>
         <input_file_ref idref="fl-2e"/>
      </object_component>
      <object_component id="oc-4e">
         <name>.debug_frame</name>
         <load_address>0x998</load_address>
         <run_address>0x998</run_address>
         <size>0x38</size>
         <alignment>0x4</alignment>
         <input_file_ref idref="fl-30"/>
      </object_component>
      <object_component id="oc-af">
         <name>.debug_frame</name>
         <load_address>0x9d0</load_address>
         <run_address>0x9d0</run_address>
         <size>0x30</size>
         <alignment>0x4</alignment>
         <input_file_ref idref="fl-33"/>
      </object_component>
      <object_component id="oc-e8">
         <name>.debug_frame</name>
         <load_address>0xa00</load_address>
         <run_address>0xa00</run_address>
         <size>0x20</size>
         <alignment>0x4</alignment>
         <input_file_ref idref="fl-d5"/>
      </object_component>
      <object_component id="oc-ca">
         <name>.debug_frame</name>
         <load_address>0xa20</load_address>
         <run_address>0xa20</run_address>
         <size>0x30</size>
         <alignment>0x4</alignment>
         <input_file_ref idref="fl-d9"/>
      </object_component>
      <object_component id="oc-70">
         <name>.debug_line</name>
         <load_address>0x0</load_address>
         <run_address>0x0</run_address>
         <size>0xa2b</size>
         <alignment>0x1</alignment>
         <input_file_ref idref="fl-1"/>
      </object_component>
      <object_component id="oc-95">
         <name>.debug_line</name>
         <load_address>0xa2b</load_address>
         <run_address>0xa2b</run_address>
         <size>0x546</size>
         <alignment>0x1</alignment>
         <input_file_ref idref="fl-2"/>
      </object_component>
      <object_component id="oc-31">
         <name>.debug_line</name>
         <load_address>0xf71</load_address>
         <run_address>0xf71</run_address>
         <size>0xb8</size>
         <alignment>0x1</alignment>
         <input_file_ref idref="fl-3"/>
      </object_component>
      <object_component id="oc-37">
         <name>.debug_line</name>
         <load_address>0x1029</load_address>
         <run_address>0x1029</run_address>
         <size>0x2ec3</size>
         <alignment>0x1</alignment>
         <input_file_ref idref="fl-4"/>
      </object_component>
      <object_component id="oc-a0">
         <name>.debug_line</name>
         <load_address>0x3eec</load_address>
         <run_address>0x3eec</run_address>
         <size>0x178</size>
         <alignment>0x1</alignment>
         <input_file_ref idref="fl-12"/>
      </object_component>
      <object_component id="oc-80">
         <name>.debug_line</name>
         <load_address>0x4064</load_address>
         <run_address>0x4064</run_address>
         <size>0xc95</size>
         <alignment>0x1</alignment>
         <input_file_ref idref="fl-13"/>
      </object_component>
      <object_component id="oc-fd">
         <name>.debug_line</name>
         <load_address>0x4cf9</load_address>
         <run_address>0x4cf9</run_address>
         <size>0xa40</size>
         <alignment>0x1</alignment>
         <input_file_ref idref="fl-14"/>
      </object_component>
      <object_component id="oc-3d">
         <name>.debug_line</name>
         <load_address>0x5739</load_address>
         <run_address>0x5739</run_address>
         <size>0x1dc</size>
         <alignment>0x1</alignment>
         <input_file_ref idref="fl-2b"/>
      </object_component>
      <object_component id="oc-b6">
         <name>.debug_line</name>
         <load_address>0x5915</load_address>
         <run_address>0x5915</run_address>
         <size>0x505</size>
         <alignment>0x1</alignment>
         <input_file_ref idref="fl-2d"/>
      </object_component>
      <object_component id="oc-6a">
         <name>.debug_line</name>
         <load_address>0x5e1a</load_address>
         <run_address>0x5e1a</run_address>
         <size>0x3e</size>
         <alignment>0x1</alignment>
         <input_file_ref idref="fl-2e"/>
      </object_component>
      <object_component id="oc-4d">
         <name>.debug_line</name>
         <load_address>0x5e58</load_address>
         <run_address>0x5e58</run_address>
         <size>0xf7</size>
         <alignment>0x1</alignment>
         <input_file_ref idref="fl-30"/>
      </object_component>
      <object_component id="oc-ac">
         <name>.debug_line</name>
         <load_address>0x5f4f</load_address>
         <run_address>0x5f4f</run_address>
         <size>0x67</size>
         <alignment>0x1</alignment>
         <input_file_ref idref="fl-33"/>
      </object_component>
      <object_component id="oc-e6">
         <name>.debug_line</name>
         <load_address>0x5fb6</load_address>
         <run_address>0x5fb6</run_address>
         <size>0x41</size>
         <alignment>0x1</alignment>
         <input_file_ref idref="fl-d5"/>
      </object_component>
      <object_component id="oc-47">
         <name>.debug_line</name>
         <load_address>0x5ff7</load_address>
         <run_address>0x5ff7</run_address>
         <size>0x9d</size>
         <alignment>0x1</alignment>
         <input_file_ref idref="fl-d6"/>
      </object_component>
      <object_component id="oc-66">
         <name>.debug_line</name>
         <load_address>0x6094</load_address>
         <run_address>0x6094</run_address>
         <size>0xb3</size>
         <alignment>0x1</alignment>
         <input_file_ref idref="fl-d7"/>
      </object_component>
      <object_component id="oc-86">
         <name>.debug_line</name>
         <load_address>0x6147</load_address>
         <run_address>0x6147</run_address>
         <size>0xbb</size>
         <alignment>0x1</alignment>
         <input_file_ref idref="fl-d8"/>
      </object_component>
      <object_component id="oc-cb">
         <name>.debug_line</name>
         <load_address>0x6202</load_address>
         <run_address>0x6202</run_address>
         <size>0xae</size>
         <alignment>0x1</alignment>
         <input_file_ref idref="fl-d9"/>
      </object_component>
      <object_component id="oc-8b">
         <name>.debug_line</name>
         <load_address>0x62b0</load_address>
         <run_address>0x62b0</run_address>
         <size>0xa0</size>
         <alignment>0x1</alignment>
         <input_file_ref idref="fl-da"/>
      </object_component>
      <object_component id="oc-d0">
         <name>.debug_line</name>
         <load_address>0x6350</load_address>
         <run_address>0x6350</run_address>
         <size>0x80</size>
         <alignment>0x1</alignment>
         <input_file_ref idref="fl-db"/>
      </object_component>
      <object_component id="oc-46">
         <name>.debug_aranges</name>
         <load_address>0x0</load_address>
         <run_address>0x0</run_address>
         <size>0x20</size>
         <alignment>0x1</alignment>
         <input_file_ref idref="fl-d6"/>
      </object_component>
      <object_component id="oc-65">
         <name>.debug_aranges</name>
         <load_address>0x20</load_address>
         <run_address>0x20</run_address>
         <size>0x28</size>
         <alignment>0x1</alignment>
         <input_file_ref idref="fl-d7"/>
      </object_component>
      <object_component id="oc-85">
         <name>.debug_aranges</name>
         <load_address>0x48</load_address>
         <run_address>0x48</run_address>
         <size>0x20</size>
         <alignment>0x1</alignment>
         <input_file_ref idref="fl-d8"/>
      </object_component>
      <object_component id="oc-8a">
         <name>.debug_aranges</name>
         <load_address>0x68</load_address>
         <run_address>0x68</run_address>
         <size>0x28</size>
         <alignment>0x1</alignment>
         <input_file_ref idref="fl-da"/>
      </object_component>
      <object_component id="oc-cf">
         <name>.debug_aranges</name>
         <load_address>0x90</load_address>
         <run_address>0x90</run_address>
         <size>0x28</size>
         <alignment>0x1</alignment>
         <input_file_ref idref="fl-db"/>
      </object_component>
   </object_component_list>
   <logical_group_list>
      <logical_group id="lg-2" display="no" color="cyan">
         <name>.intvecs</name>
         <load_address>0x0</load_address>
         <run_address>0x0</run_address>
         <size>0xc0</size>
         <contents>
            <object_component_ref idref="oc-18"/>
         </contents>
      </logical_group>
      <logical_group id="lg-3" display="no" color="cyan">
         <name>.text</name>
         <load_address>0xc0</load_address>
         <run_address>0xc0</run_address>
         <size>0x1870</size>
         <contents>
            <object_component_ref idref="oc-99"/>
            <object_component_ref idref="oc-9a"/>
            <object_component_ref idref="oc-82"/>
            <object_component_ref idref="oc-6c"/>
            <object_component_ref idref="oc-5b"/>
            <object_component_ref idref="oc-c6"/>
            <object_component_ref idref="oc-9d"/>
            <object_component_ref idref="oc-8e"/>
            <object_component_ref idref="oc-33"/>
            <object_component_ref idref="oc-d5"/>
            <object_component_ref idref="oc-98"/>
            <object_component_ref idref="oc-d3"/>
            <object_component_ref idref="oc-c7"/>
            <object_component_ref idref="oc-d8"/>
            <object_component_ref idref="oc-9c"/>
            <object_component_ref idref="oc-d9"/>
            <object_component_ref idref="oc-ff"/>
            <object_component_ref idref="oc-103"/>
            <object_component_ref idref="oc-d6"/>
            <object_component_ref idref="oc-d4"/>
            <object_component_ref idref="oc-83"/>
            <object_component_ref idref="oc-b2"/>
            <object_component_ref idref="oc-54"/>
            <object_component_ref idref="oc-93"/>
            <object_component_ref idref="oc-7c"/>
            <object_component_ref idref="oc-34"/>
            <object_component_ref idref="oc-102"/>
            <object_component_ref idref="oc-f9"/>
            <object_component_ref idref="oc-9b"/>
            <object_component_ref idref="oc-51"/>
            <object_component_ref idref="oc-63"/>
            <object_component_ref idref="oc-9e"/>
            <object_component_ref idref="oc-44"/>
            <object_component_ref idref="oc-ab"/>
            <object_component_ref idref="oc-e5"/>
            <object_component_ref idref="oc-2f"/>
            <object_component_ref idref="oc-68"/>
         </contents>
      </logical_group>
      <logical_group id="lg-4" display="no" color="cyan">
         <name>.const</name>
         <run_address>0x0</run_address>
         <size>0x0</size>
         <contents>
         </contents>
      </logical_group>
      <logical_group id="lg-5" display="no" color="cyan">
         <name>.cinit</name>
         <load_address>0x1a20</load_address>
         <run_address>0x1a20</run_address>
         <size>0x18</size>
         <contents>
            <object_component_ref idref="oc-154"/>
            <object_component_ref idref="oc-152"/>
            <object_component_ref idref="oc-153"/>
         </contents>
      </logical_group>
      <logical_group id="lg-6" display="no" color="cyan">
         <name>.pinit</name>
         <run_address>0x0</run_address>
         <size>0x0</size>
         <contents>
         </contents>
      </logical_group>
      <logical_group id="lg-7" display="no" color="cyan">
         <name>.rodata</name>
         <load_address>0x1930</load_address>
         <run_address>0x1930</run_address>
         <size>0xf0</size>
         <contents>
            <object_component_ref idref="oc-dd"/>
            <object_component_ref idref="oc-a3"/>
            <object_component_ref idref="oc-a2"/>
            <object_component_ref idref="oc-a4"/>
            <object_component_ref idref="oc-a7"/>
            <object_component_ref idref="oc-a5"/>
            <object_component_ref idref="oc-105"/>
            <object_component_ref idref="oc-101"/>
            <object_component_ref idref="oc-e1"/>
            <object_component_ref idref="oc-104"/>
            <object_component_ref idref="oc-100"/>
            <object_component_ref idref="oc-a8"/>
            <object_component_ref idref="oc-a6"/>
         </contents>
      </logical_group>
      <logical_group id="lg-8" display="no" color="cyan">
         <name>.ARM.exidx</name>
         <run_address>0x0</run_address>
         <size>0x0</size>
         <contents>
         </contents>
      </logical_group>
      <logical_group id="lg-9" display="no" color="cyan">
         <name>.init_array</name>
         <run_address>0x0</run_address>
         <size>0x0</size>
         <contents>
         </contents>
      </logical_group>
      <logical_group id="lg-a" display="no" color="cyan">
         <name>.binit</name>
         <load_address>0x0</load_address>
         <run_address>0x0</run_address>
         <size>0x0</size>
         <contents>
            <object_component_ref idref="oc-11c"/>
         </contents>
      </logical_group>
      <logical_group id="lg-b" display="no" color="cyan">
         <name>.TI.ramfunc</name>
         <run_address>0x0</run_address>
         <size>0x0</size>
         <contents>
         </contents>
      </logical_group>
      <logical_group id="lg-c" display="no" color="cyan">
         <name>.vtable</name>
         <run_address>0x0</run_address>
         <size>0x0</size>
         <contents>
         </contents>
      </logical_group>
      <logical_group id="lg-d" display="no" color="cyan">
         <name>.args</name>
         <run_address>0x0</run_address>
         <size>0x0</size>
         <contents>
         </contents>
      </logical_group>
      <logical_group id="lg-e" display="no" color="cyan">
         <name>.data</name>
         <run_address>0x0</run_address>
         <size>0x0</size>
         <contents>
         </contents>
      </logical_group>
      <logical_group id="lg-f" display="no" color="cyan">
         <name>.bss</name>
         <run_address>0x20200000</run_address>
         <size>0x423</size>
         <contents>
            <object_component_ref idref="oc-87"/>
            <object_component_ref idref="oc-de"/>
            <object_component_ref idref="oc-df"/>
            <object_component_ref idref="oc-e0"/>
            <object_component_ref idref="oc-88"/>
            <object_component_ref idref="oc-da"/>
         </contents>
      </logical_group>
      <logical_group id="lg-10" display="no" color="cyan">
         <name>.sysmem</name>
         <run_address>0x0</run_address>
         <size>0x0</size>
         <contents>
         </contents>
      </logical_group>
      <logical_group id="lg-11" display="no" color="cyan">
         <name>.stack</name>
         <run_address>0x20207e00</run_address>
         <size>0x200</size>
         <contents>
            <object_component_ref idref="oc-1a"/>
            <object_component_ref idref="oc-156"/>
         </contents>
      </logical_group>
      <logical_group id="lg-12" display="no" color="cyan">
         <name>.BCRConfig</name>
         <run_address>0x0</run_address>
         <size>0x0</size>
         <contents>
         </contents>
      </logical_group>
      <logical_group id="lg-13" display="no" color="cyan">
         <name>.BSLConfig</name>
         <run_address>0x0</run_address>
         <size>0x0</size>
         <contents>
         </contents>
      </logical_group>
      <logical_group id="lg-113" display="no" color="cyan">
         <name>.TI.noinit</name>
         <run_address>0x0</run_address>
         <size>0x0</size>
         <contents>
         </contents>
      </logical_group>
      <logical_group id="lg-114" display="no" color="cyan">
         <name>.TI.persistent</name>
         <run_address>0x0</run_address>
         <size>0x0</size>
         <contents>
         </contents>
      </logical_group>
      <logical_group id="lg-115" display="no" color="cyan">
         <name>.TI.local</name>
         <run_address>0x0</run_address>
         <size>0x0</size>
         <contents>
         </contents>
      </logical_group>
      <logical_group id="lg-116" display="no" color="cyan">
         <name>.TI.onchip</name>
         <run_address>0x0</run_address>
         <size>0x0</size>
         <contents>
         </contents>
      </logical_group>
      <logical_group id="lg-117" display="no" color="cyan">
         <name>.TI.offchip</name>
         <run_address>0x0</run_address>
         <size>0x0</size>
         <contents>
         </contents>
      </logical_group>
      <logical_group id="lg-118" display="no" color="cyan">
         <name>__llvm_prf_cnts</name>
         <run_address>0x20200000</run_address>
         <size>0x0</size>
         <contents>
         </contents>
      </logical_group>
      <logical_group id="lg-11a" display="no" color="cyan">
         <name>__llvm_prf_bits</name>
         <run_address>0x20200000</run_address>
         <size>0x0</size>
         <contents>
         </contents>
      </logical_group>
      <logical_group id="lg-136" display="never" color="cyan">
         <name>.debug_loc</name>
         <load_address>0x0</load_address>
         <run_address>0x0</run_address>
         <size>0x48bd</size>
         <contents>
            <object_component_ref idref="oc-6d"/>
            <object_component_ref idref="oc-d7"/>
            <object_component_ref idref="oc-5c"/>
            <object_component_ref idref="oc-e4"/>
            <object_component_ref idref="oc-7f"/>
            <object_component_ref idref="oc-fc"/>
            <object_component_ref idref="oc-3f"/>
            <object_component_ref idref="oc-b5"/>
            <object_component_ref idref="oc-4f"/>
            <object_component_ref idref="oc-b1"/>
            <object_component_ref idref="oc-f7"/>
         </contents>
      </logical_group>
      <logical_group id="lg-138" display="never" color="cyan">
         <name>.debug_abbrev</name>
         <load_address>0x0</load_address>
         <run_address>0x0</run_address>
         <size>0x1240</size>
         <contents>
            <object_component_ref idref="oc-a9"/>
            <object_component_ref idref="oc-db"/>
            <object_component_ref idref="oc-39"/>
            <object_component_ref idref="oc-5d"/>
            <object_component_ref idref="oc-e2"/>
            <object_component_ref idref="oc-c4"/>
            <object_component_ref idref="oc-111"/>
            <object_component_ref idref="oc-3b"/>
            <object_component_ref idref="oc-ef"/>
            <object_component_ref idref="oc-91"/>
            <object_component_ref idref="oc-61"/>
            <object_component_ref idref="oc-e9"/>
            <object_component_ref idref="oc-106"/>
            <object_component_ref idref="oc-60"/>
            <object_component_ref idref="oc-90"/>
            <object_component_ref idref="oc-cc"/>
            <object_component_ref idref="oc-f5"/>
            <object_component_ref idref="oc-cd"/>
            <object_component_ref idref="oc-f8"/>
            <object_component_ref idref="oc-158"/>
         </contents>
      </logical_group>
      <logical_group id="lg-13a" display="never" color="cyan">
         <name>.debug_info</name>
         <load_address>0x0</load_address>
         <run_address>0x0</run_address>
         <size>0xac41</size>
         <contents>
            <object_component_ref idref="oc-6e"/>
            <object_component_ref idref="oc-96"/>
            <object_component_ref idref="oc-19"/>
            <object_component_ref idref="oc-35"/>
            <object_component_ref idref="oc-a1"/>
            <object_component_ref idref="oc-7d"/>
            <object_component_ref idref="oc-fb"/>
            <object_component_ref idref="oc-1b"/>
            <object_component_ref idref="oc-b3"/>
            <object_component_ref idref="oc-69"/>
            <object_component_ref idref="oc-50"/>
            <object_component_ref idref="oc-ad"/>
            <object_component_ref idref="oc-e7"/>
            <object_component_ref idref="oc-45"/>
            <object_component_ref idref="oc-64"/>
            <object_component_ref idref="oc-84"/>
            <object_component_ref idref="oc-c8"/>
            <object_component_ref idref="oc-8d"/>
            <object_component_ref idref="oc-d1"/>
            <object_component_ref idref="oc-157"/>
         </contents>
      </logical_group>
      <logical_group id="lg-13c" display="never" color="cyan">
         <name>.debug_ranges</name>
         <load_address>0x0</load_address>
         <run_address>0x0</run_address>
         <size>0x1fa0</size>
         <contents>
            <object_component_ref idref="oc-71"/>
            <object_component_ref idref="oc-97"/>
            <object_component_ref idref="oc-32"/>
            <object_component_ref idref="oc-36"/>
            <object_component_ref idref="oc-7e"/>
            <object_component_ref idref="oc-fe"/>
            <object_component_ref idref="oc-3e"/>
            <object_component_ref idref="oc-b7"/>
            <object_component_ref idref="oc-4c"/>
            <object_component_ref idref="oc-ae"/>
            <object_component_ref idref="oc-67"/>
            <object_component_ref idref="oc-c9"/>
            <object_component_ref idref="oc-8c"/>
            <object_component_ref idref="oc-d2"/>
         </contents>
      </logical_group>
      <logical_group id="lg-13e" display="never" color="cyan">
         <name>.debug_str</name>
         <load_address>0x0</load_address>
         <run_address>0x0</run_address>
         <size>0x5ac3</size>
         <contents>
            <object_component_ref idref="oc-aa"/>
            <object_component_ref idref="oc-dc"/>
            <object_component_ref idref="oc-3a"/>
            <object_component_ref idref="oc-5e"/>
            <object_component_ref idref="oc-e3"/>
            <object_component_ref idref="oc-c5"/>
            <object_component_ref idref="oc-112"/>
            <object_component_ref idref="oc-3c"/>
            <object_component_ref idref="oc-f0"/>
            <object_component_ref idref="oc-92"/>
            <object_component_ref idref="oc-62"/>
            <object_component_ref idref="oc-ea"/>
            <object_component_ref idref="oc-107"/>
            <object_component_ref idref="oc-f6"/>
         </contents>
      </logical_group>
      <logical_group id="lg-140" display="never" color="cyan">
         <name>.debug_frame</name>
         <load_address>0x0</load_address>
         <run_address>0x0</run_address>
         <size>0xa50</size>
         <contents>
            <object_component_ref idref="oc-6f"/>
            <object_component_ref idref="oc-94"/>
            <object_component_ref idref="oc-30"/>
            <object_component_ref idref="oc-38"/>
            <object_component_ref idref="oc-9f"/>
            <object_component_ref idref="oc-81"/>
            <object_component_ref idref="oc-fa"/>
            <object_component_ref idref="oc-53"/>
            <object_component_ref idref="oc-b4"/>
            <object_component_ref idref="oc-6b"/>
            <object_component_ref idref="oc-4e"/>
            <object_component_ref idref="oc-af"/>
            <object_component_ref idref="oc-e8"/>
            <object_component_ref idref="oc-ca"/>
         </contents>
      </logical_group>
      <logical_group id="lg-142" display="never" color="cyan">
         <name>.debug_line</name>
         <load_address>0x0</load_address>
         <run_address>0x0</run_address>
         <size>0x63d0</size>
         <contents>
            <object_component_ref idref="oc-70"/>
            <object_component_ref idref="oc-95"/>
            <object_component_ref idref="oc-31"/>
            <object_component_ref idref="oc-37"/>
            <object_component_ref idref="oc-a0"/>
            <object_component_ref idref="oc-80"/>
            <object_component_ref idref="oc-fd"/>
            <object_component_ref idref="oc-3d"/>
            <object_component_ref idref="oc-b6"/>
            <object_component_ref idref="oc-6a"/>
            <object_component_ref idref="oc-4d"/>
            <object_component_ref idref="oc-ac"/>
            <object_component_ref idref="oc-e6"/>
            <object_component_ref idref="oc-47"/>
            <object_component_ref idref="oc-66"/>
[...]
            <logical_group_ref idref="lg-3"/>
            <logical_group_ref idref="lg-7"/>
            <logical_group_ref idref="lg-5"/>
         </contents>
      </load_segment>
      <load_segment id="lg-15f" display="no" color="cyan">
         <name>SEGMENT_1</name>
         <run_address>0x20200000</run_address>
         <size>0x423</size>
         <flags>0x6</flags>
         <contents>
            <logical_group_ref idref="lg-f"/>
         </contents>
      </load_segment>
      <load_segment id="lg-160" display="no" color="cyan">
         <name>SEGMENT_2</name>
         <run_address>0x20207e00</run_address>
         <size>0x200</size>
         <flags>0x6</flags>
         <contents>
            <logical_group_ref idref="lg-11"/>
         </contents>
      </load_segment>
   </logical_group_list>
   <placement_map>
      <memory_area display="yes" color="green">
         <name>FLASH</name>
         <page_id>0x0</page_id>
         <origin>0x0</origin>
         <length>0x20000</length>
         <used_space>0x1a38</used_space>
         <unused_space>0x1e5c8</unused_space>
         <attributes>RX</attributes>
         <usage_details>
            <allocated_space>
               <start_address>0x0</start_address>
               <size>0x0</size>
               <logical_group_ref idref="lg-a"/>
            </allocated_space>
            <allocated_space>
               <start_address>0x0</start_address>
               <size>0xc0</size>
               <logical_group_ref idref="lg-2"/>
            </allocated_space>
            <allocated_space>
               <start_address>0xc0</start_address>
               <size>0x1870</size>
               <logical_group_ref idref="lg-3"/>
            </allocated_space>
            <allocated_space>
               <start_address>0x1930</start_address>
               <size>0xf0</size>
               <logical_group_ref idref="lg-7"/>
            </allocated_space>
            <allocated_space>
               <start_address>0x1a20</start_address>
               <size>0x18</size>
               <logical_group_ref idref="lg-5"/>
            </allocated_space>
            <available_space>
               <start_address>0x1a38</start_address>
               <size>0x1e5c8</size>
            </available_space>
         </usage_details>
      </memory_area>
      <memory_area display="yes" color="green">
         <name>SRAM</name>
         <page_id>0x0</page_id>
         <origin>0x20200000</origin>
         <length>0x8000</length>
         <used_space>0x623</used_space>
         <unused_space>0x79dd</unused_space>
         <attributes>RWX</attributes>
         <usage_details>
            <allocated_space>
               <start_address>0x20200000</start_address>
               <size>0x0</size>
               <logical_group_ref idref="lg-118"/>
            </allocated_space>
            <allocated_space>
               <start_address>0x20200000</start_address>
               <size>0x0</size>
               <logical_group_ref idref="lg-11a"/>
            </allocated_space>
            <allocated_space>
               <start_address>0x20200000</start_address>
               <size>0x423</size>
               <logical_group_ref idref="lg-f"/>
            </allocated_space>
            <available_space>
               <start_address>0x20200423</start_address>
               <size>0x79dd</size>
            </available_space>
            <allocated_space>
               <start_address>0x20207e00</start_address>
               <size>0x200</size>
               <logical_group_ref idref="lg-11"/>
            </allocated_space>
         </usage_details>
      </memory_area>
      <memory_area display="yes" color="green">
         <name>BCR_CONFIG</name>
         <page_id>0x0</page_id>
         <origin>0x41c00000</origin>
         <length>0xff</length>
         <used_space>0x0</used_space>
         <unused_space>0xff</unused_space>
         <attributes>R</attributes>
         <usage_details>
         </usage_details>
      </memory_area>
      <memory_area display="yes" color="green">
         <name>BSL_CONFIG</name>
         <page_id>0x0</page_id>
         <origin>0x41c00100</origin>
         <length>0x80</length>
         <used_space>0x0</used_space>
         <unused_space>0x80</unused_space>
         <attributes>R</attributes>
         <usage_details>
         </usage_details>
      </memory_area>
   </placement_map>
   <cptbl_list>
      <cptbl>
         <name>__TI_cinit_table</name>
         <cprec>
            <name>.bss</name>
            <load_address>0x1a20</load_address>
            <load_size>0x8</load_size>
            <run_address>0x20200000</run_address>
            <run_size>0x423</run_size>
            <compression>zero_init</compression>
         </cprec>
      </cptbl>
   </cptbl_list>
   <handler_table>
      <handler_table_name>__TI_handler_table</handler_table_name>
      <handler>
         <index>0x0</index>
         <name>__TI_zero_init</name>
      </handler>
   </handler_table>
   <symbol_table>
      <symbol id="sm-1">
         <name>__start___llvm_prf_cnts</name>
         <value>0x20200000</value>
      </symbol>
      <symbol id="sm-2">
         <name>__stop___llvm_prf_cnts</name>
         <value>0x20200000</value>
      </symbol>
      <symbol id="sm-3">
         <name>__start___llvm_prf_bits</name>
         <value>0x20200000</value>
      </symbol>
      <symbol id="sm-4">
         <name>__stop___llvm_prf_bits</name>
         <value>0x20200000</value>
      </symbol>
      <symbol id="sm-5">
         <name>__TI_CINIT_Base</name>
         <value>0x1a2c</value>
      </symbol>
      <symbol id="sm-6">
         <name>__TI_CINIT_Limit</name>
         <value>0x1a34</value>
      </symbol>
      <symbol id="sm-7">
         <name>__TI_CINIT_Warm</name>
         <value>0x1a34</value>
      </symbol>
      <symbol id="sm-8">
         <name>__TI_Handler_Table_Base</name>
         <value>0x1a28</value>
      </symbol>
      <symbol id="sm-9">
         <name>__TI_Handler_Table_Limit</name>
         <value>0x1a2c</value>
      </symbol>
      <symbol id="sm-a">
         <name>binit</name>
         <value>0xffffffff</value>
      </symbol>
      <symbol id="sm-b">
         <name>__binit__</name>
         <value>0xffffffff</value>
      </symbol>
      <symbol id="sm-c">
         <name>__STACK_SIZE</name>
         <value>0x200</value>
      </symbol>
      <symbol id="sm-d">
         <name>__STACK_END</name>
         <value>0x20208000</value>
      </symbol>
      <symbol id="sm-e">
         <name>__TI_pprof_out_hndl</name>
         <value>0xffffffff</value>
      </symbol>
      <symbol id="sm-f">
         <name>__TI_prof_data_start</name>
         <value>0xffffffff</value>
      </symbol>
      <symbol id="sm-10">
         <name>__TI_prof_data_size</name>
         <value>0xffffffff</value>
      </symbol>
      <symbol id="sm-47">
         <name>main</name>
         <value>0xec1</value>
         <object_component_ref idref="oc-6c"/>
      </symbol>
      <symbol id="sm-48">
         <name>print_hex</name>
         <value>0x132d</value>
         <object_component_ref idref="oc-9d"/>
      </symbol>
      <symbol id="sm-6a">
         <name>SYSCFG_DL_init</name>
         <value>0x185d</value>
         <object_component_ref idref="oc-93"/>
      </symbol>
      <symbol id="sm-6b">
         <name>SYSCFG_DL_initPower</name>
         <value>0x1779</value>
         <object_component_ref idref="oc-d4"/>
      </symbol>
      <symbol id="sm-6c">
         <name>SYSCFG_DL_GPIO_init</name>
         <value>0x1465</value>
         <object_component_ref idref="oc-d5"/>
      </symbol>
      <symbol id="sm-6d">
         <name>SYSCFG_DL_SYSCTL_init</name>
         <value>0x1739</value>
         <object_component_ref idref="oc-d6"/>
      </symbol>
      <symbol id="sm-6e">
         <name>SYSCFG_DL_UART_0_init</name>
         <value>0x15b1</value>
         <object_component_ref idref="oc-d8"/>
      </symbol>
      <symbol id="sm-6f">
         <name>SYSCFG_DL_SPI_0_init</name>
         <value>0x1661</value>
         <object_component_ref idref="oc-d9"/>
      </symbol>
      <symbol id="sm-70">
         <name>gSPI_0Backup</name>
         <value>0x202003f4</value>
      </symbol>
      <symbol id="sm-7b">
         <name>Default_Handler</name>
         <value>0x1463</value>
         <object_component_ref idref="oc-33"/>
      </symbol>
      <symbol id="sm-7c">
         <name>Reset_Handler</name>
         <value>0x1927</value>
         <object_component_ref idref="oc-2f"/>
      </symbol>
      <symbol id="sm-7d">
         <name>interruptVectors</name>
         <value>0x0</value>
         <object_component_ref idref="oc-18"/>
      </symbol>
      <symbol id="sm-7e">
         <name>NMI_Handler</name>
         <value>0x1463</value>
         <object_component_ref idref="oc-33"/>
      </symbol>
      <symbol id="sm-7f">
         <name>HardFault_Handler</name>
         <value>0x1463</value>
         <object_component_ref idref="oc-33"/>
      </symbol>
      <symbol id="sm-80">
         <name>SVC_Handler</name>
         <value>0x1463</value>
         <object_component_ref idref="oc-33"/>
      </symbol>
      <symbol id="sm-81">
         <name>PendSV_Handler</name>
         <value>0x1463</value>
         <object_component_ref idref="oc-33"/>
      </symbol>
      <symbol id="sm-82">
         <name>SysTick_Handler</name>
         <value>0x1463</value>
         <object_component_ref idref="oc-33"/>
      </symbol>
      <symbol id="sm-83">
         <name>GROUP0_IRQHandler</name>
         <value>0x1463</value>
         <object_component_ref idref="oc-33"/>
      </symbol>
      <symbol id="sm-84">
         <name>TIMG8_IRQHandler</name>
         <value>0x1463</value>
         <object_component_ref idref="oc-33"/>
      </symbol>
      <symbol id="sm-85">
         <name>UART3_IRQHandler</name>
         <value>0x1463</value>
         <object_component_ref idref="oc-33"/>
      </symbol>
      <symbol id="sm-86">
         <name>ADC0_IRQHandler</name>
         <value>0x1463</value>
         <object_component_ref idref="oc-33"/>
      </symbol>
      <symbol id="sm-87">
         <name>ADC1_IRQHandler</name>
         <value>0x1463</value>
         <object_component_ref idref="oc-33"/>
      </symbol>
      <symbol id="sm-88">
         <name>CANFD0_IRQHandler</name>
         <value>0x1463</value>
         <object_component_ref idref="oc-33"/>
      </symbol>
      <symbol id="sm-89">
         <name>DAC0_IRQHandler</name>
         <value>0x1463</value>
         <object_component_ref idref="oc-33"/>
      </symbol>
      <symbol id="sm-8a">
         <name>SPI0_IRQHandler</name>
         <value>0x1463</value>
         <object_component_ref idref="oc-33"/>
      </symbol>
      <symbol id="sm-8b">
         <name>SPI1_IRQHandler</name>
         <value>0x1463</value>
         <object_component_ref idref="oc-33"/>
      </symbol>
      <symbol id="sm-8c">
         <name>UART1_IRQHandler</name>
         <value>0x1463</value>
         <object_component_ref idref="oc-33"/>
      </symbol>
      <symbol id="sm-8d">
         <name>UART2_IRQHandler</name>
         <value>0x1463</value>
         <object_component_ref idref="oc-33"/>
      </symbol>
      <symbol id="sm-8e">
         <name>UART0_IRQHandler</name>
         <value>0x1463</value>
         <object_component_ref idref="oc-33"/>
      </symbol>
      <symbol id="sm-8f">
         <name>TIMG0_IRQHandler</name>
         <value>0x1463</value>
         <object_component_ref idref="oc-33"/>
      </symbol>
      <symbol id="sm-90">
         <name>TIMG6_IRQHandler</name>
         <value>0x1463</value>
         <object_component_ref idref="oc-33"/>
      </symbol>
      <symbol id="sm-91">
         <name>TIMA0_IRQHandler</name>
         <value>0x1463</value>
         <object_component_ref idref="oc-33"/>
      </symbol>
      <symbol id="sm-92">
         <name>TIMA1_IRQHandler</name>
         <value>0x1463</value>
         <object_component_ref idref="oc-33"/>
      </symbol>
      <symbol id="sm-93">
         <name>TIMG7_IRQHandler</name>
         <value>0x1463</value>
         <object_component_ref idref="oc-33"/>
      </symbol>
      <symbol id="sm-94">
         <name>TIMG12_IRQHandler</name>
         <value>0x1463</value>
         <object_component_ref idref="oc-33"/>
      </symbol>
      <symbol id="sm-95">
         <name>I2C0_IRQHandler</name>
         <value>0x1463</value>
         <object_component_ref idref="oc-33"/>
      </symbol>
      <symbol id="sm-96">
         <name>I2C1_IRQHandler</name>
         <value>0x1463</value>
         <object_component_ref idref="oc-33"/>
      </symbol>
      <symbol id="sm-97">
         <name>AES_IRQHandler</name>
         <value>0x1463</value>
         <object_component_ref idref="oc-33"/>
      </symbol>
      <symbol id="sm-98">
         <name>RTC_IRQHandler</name>
         <value>0x1463</value>
         <object_component_ref idref="oc-33"/>
      </symbol>
      <symbol id="sm-99">
         <name>DMA_IRQHandler</name>
         <value>0x1463</value>
         <object_component_ref idref="oc-33"/>
      </symbol>
      <symbol id="sm-d5">
         <name>mcp2515_modify_register</name>
         <value>0x1275</value>
         <object_component_ref idref="oc-c6"/>
      </symbol>
      <symbol id="sm-d6">
         <name>mcp2515_set_bitrate</name>
         <value>0x14dd</value>
         <object_component_ref idref="oc-98"/>
      </symbol>
      <symbol id="sm-d7">
         <name>mcp2515_init</name>
         <value>0xc1</value>
         <object_component_ref idref="oc-99"/>
      </symbol>
      <symbol id="sm-d8">
         <name>mcp2515_write_frame</name>
         <value>0x6dd</value>
         <object_component_ref idref="oc-9a"/>
      </symbol>
      <symbol id="sm-d9">
         <name>mcp2515_available</name>
         <value>0x18dd</value>
         <object_component_ref idref="oc-9b"/>
      </symbol>
      <symbol id="sm-da">
         <name>mcp2515_read_can</name>
         <value>0x1611</value>
         <object_component_ref idref="oc-9c"/>
      </symbol>
      <symbol id="sm-db">
         <name>mcp2515_read_frame</name>
         <value>0xb11</value>
         <object_component_ref idref="oc-82"/>
      </symbol>
      <symbol id="sm-dc">
         <name>mcp2515_service_rx</name>
         <value>0x1179</value>
         <object_component_ref idref="oc-5b"/>
      </symbol>
      <symbol id="sm-dd">
         <name>GROUP1_IRQHandler</name>
         <value>0x18a1</value>
         <object_component_ref idref="oc-34"/>
      </symbol>
      <symbol id="sm-de">
         <name>__TI_ATRegion0_src_addr</name>
         <value>0x0</value>
      </symbol>
      <symbol id="sm-df">
         <name>__TI_ATRegion0_trg_addr</name>
         <value>0x0</value>
      </symbol>
      <symbol id="sm-e0">
         <name>__TI_ATRegion0_region_sz</name>
         <value>0x0</value>
      </symbol>
      <symbol id="sm-e1">
         <name>__TI_ATRegion1_src_addr</name>
         <value>0x0</value>
      </symbol>
      <symbol id="sm-e2">
         <name>__TI_ATRegion1_trg_addr</name>
         <value>0x0</value>
      </symbol>
      <symbol id="sm-e3">
         <name>__TI_ATRegion1_region_sz</name>
         <value>0x0</value>
      </symbol>
      <symbol id="sm-e4">
         <name>__TI_ATRegion2_src_addr</name>
         <value>0x0</value>
      </symbol>
      <symbol id="sm-e5">
         <name>__TI_ATRegion2_trg_addr</name>
         <value>0x0</value>
      </symbol>
      <symbol id="sm-e6">
         <name>__TI_ATRegion2_region_sz</name>
         <value>0x0</value>
      </symbol>
      <symbol id="sm-ef">
         <name>DL_Common_delayCycles</name>
         <value>0x1909</value>
         <object_component_ref idref="oc-9e"/>
      </symbol>
      <symbol id="sm-ff">
         <name>DL_SPI_init</name>
         <value>0x16f5</value>
         <object_component_ref idref="oc-103"/>
      </symbol>
      <symbol id="sm-100">
         <name>DL_SPI_setClockConfig</name>
         <value>0x18b9</value>
         <object_component_ref idref="oc-102"/>
      </symbol>
      <symbol id="sm-101">
         <name>DL_SPI_receiveDataBlocking8</name>
         <value>0x1881</value>
         <object_component_ref idref="oc-7c"/>
      </symbol>
      <symbol id="sm-10e">
         <name>DL_UART_init</name>
         <value>0x16ad</value>
         <object_component_ref idref="oc-ff"/>
      </symbol>
      <symbol id="sm-10f">
         <name>DL_UART_setClockConfig</name>
         <value>0x18cb</value>
         <object_component_ref idref="oc-f9"/>
      </symbol>
      <symbol id="sm-11a">
         <name>_c_int00_noargs</name>
         <value>0x1835</value>
         <object_component_ref idref="oc-54"/>
      </symbol>
      <symbol id="sm-11b">
         <name>__stack</name>
         <value>0x20207e00</value>
         <object_component_ref idref="oc-1a"/>
      </symbol>
      <symbol id="sm-127">
         <name>__TI_auto_init_nobinit_nopinit</name>
         <value>0x17f9</value>
         <object_component_ref idref="oc-b2"/>
      </symbol>
      <symbol id="sm-12f">
         <name>_system_pre_init</name>
         <value>0x192b</value>
         <object_component_ref idref="oc-68"/>
      </symbol>
      <symbol id="sm-13a">
         <name>__TI_zero_init</name>
         <value>0x18ed</value>
         <object_component_ref idref="oc-51"/>
      </symbol>
      <symbol id="sm-146">
         <name>abort</name>
         <value>0x191d</value>
         <object_component_ref idref="oc-ab"/>
      </symbol>
      <symbol id="sm-150">
         <name>HOSTexit</name>
         <value>0x1923</value>
         <object_component_ref idref="oc-e5"/>
      </symbol>
      <symbol id="sm-151">
         <name>C$$EXIT</name>
         <value>0x1922</value>
         <object_component_ref idref="oc-e5"/>
      </symbol>
      <symbol id="sm-157">
         <name>__aeabi_memcpy</name>
         <value>0x1915</value>
         <object_component_ref idref="oc-44"/>
      </symbol>
      <symbol id="sm-158">
         <name>__aeabi_memcpy4</name>
         <value>0x1915</value>
         <object_component_ref idref="oc-44"/>
      </symbol>
      <symbol id="sm-159">
         <name>__aeabi_memcpy8</name>
         <value>0x1915</value>
         <object_component_ref idref="oc-44"/>
      </symbol>
      <symbol id="sm-160">
         <name>__aeabi_memclr</name>
         <value>0x18fd</value>
         <object_component_ref idref="oc-63"/>
      </symbol>
      <symbol id="sm-161">
         <name>__aeabi_memclr4</name>
         <value>0x18fd</value>
         <object_component_ref idref="oc-63"/>
      </symbol>
      <symbol id="sm-162">
         <name>__aeabi_memclr8</name>
         <value>0x18fd</value>
         <object_component_ref idref="oc-63"/>
      </symbol>
      <symbol id="sm-168">
         <name>__aeabi_uidiv</name>
         <value>0x17b9</value>
         <object_component_ref idref="oc-83"/>
      </symbol>
      <symbol id="sm-169">
         <name>__aeabi_uidivmod</name>
         <value>0x17b9</value>
         <object_component_ref idref="oc-83"/>
      </symbol>
      <symbol id="sm-173">
         <name>__aeabi_idiv0</name>
         <value>0x15af</value>
         <object_component_ref idref="oc-c7"/>
      </symbol>
      <symbol id="sm-18c">
         <name>memcpy</name>
         <value>0x13c9</value>
         <object_component_ref idref="oc-8e"/>
      </symbol>
      <symbol id="sm-19b">
         <name>memset</name>
         <value>0x154d</value>
         <object_component_ref idref="oc-d3"/>
      </symbol>
      <symbol id="sm-19c">
         <name>__TI_static_base__</name>
         <value>0x0</value>
      </symbol>
      <symbol id="sm-19e">
         <name>__mpu_init</name>
         <value>0x0</value>
      </symbol>
      <symbol id="sm-19f">
         <name>_system_post_cinit</name>
         <value>0x0</value>
      </symbol>
   </symbol_table>
   <title>Link successful</title>
</link_info>
