******************************************************************************
            TI ARM Clang Linker PC v4.0.4                      
******************************************************************************
>> Linked Wed Apr 15 17:33:23 2026

OUTPUT FILE NAME:   <CANController.out>
ENTRY POINT SYMBOL: "_c_int00_noargs"  address: 00001835


MEMORY CONFIGURATION

         name            origin    length      used     unused   attr    fill
----------------------  --------  ---------  --------  --------  ----  --------
  FLASH                 00000000   00020000  00001a38  0001e5c8  R  X
  SRAM                  20200000   00008000  00000623  000079dd  RW X
  BCR_CONFIG            41c00000   000000ff  00000000  000000ff  R   
  BSL_CONFIG            41c00100   00000080  00000000  00000080  R   


SEGMENT ALLOCATION MAP

run origin  load origin   length   init length attrs members
----------  ----------- ---------- ----------- ----- -------
00000000    00000000    00001a38   00001a38    r-x
  00000000    00000000    000000c0   000000c0    r-- .intvecs
  000000c0    000000c0    00001870   00001870    r-x .text
  00001930    00001930    000000f0   000000f0    r-- .rodata
  00001a20    00001a20    00000018   00000018    r-- .cinit
20200000    20200000    00000423   00000000    rw-
  20200000    20200000    00000423   00000000    rw- .bss
20207e00    20207e00    00000200   00000000    rw-
  20207e00    20207e00    00000200   00000000    rw- .stack


SECTION ALLOCATION MAP

 output                                  attributes/
section   page    origin      length       input sections
--------  ----  ----------  ----------   ----------------
.intvecs   0    00000000    000000c0     
                  00000000    000000c0     startup_mspm0g350x_ticlang.o (.intvecs)

.text      0    000000c0    00001870     
                  000000c0    0000061c     mcp2515.o (.text.mcp2515_init)
                  000006dc    00000434     mcp2515.o (.text.mcp2515_write_frame)
                  00000b10    000003b0     mcp2515.o (.text.mcp2515_read_frame)
                  00000ec0    000002b8     main.o (.text.main)
                  00001178    000000fc     mcp2515.o (.text.mcp2515_service_rx)
                  00001274    000000b8     mcp2515.o (.text.mcp2515_modify_register)
                  0000132c    0000009c     main.o (.text.print_hex)
                  000013c8    0000009a     libc.a : memcpy16.S.obj (.text:memcpy)
                  00001462    00000002     startup_mspm0g350x_ticlang.o (.text.Default_Handler)
                  00001464    00000078     ti_msp_dl_config.o (.text.SYSCFG_DL_GPIO_init)
                  000014dc    00000070     mcp2515.o (.text.mcp2515_set_bitrate)
                  0000154c    00000062     libc.a : memset16.S.obj (.text:memset)
                  000015ae    00000002     libclang_rt.builtins.a : aeabi_div0.c.obj (.text.__aeabi_idiv0)
                  000015b0    00000060     ti_msp_dl_config.o (.text.SYSCFG_DL_UART_0_init)
                  00001610    00000050     mcp2515.o (.text.mcp2515_read_can)
                  00001660    0000004c     ti_msp_dl_config.o (.text.SYSCFG_DL_SPI_0_init)
                  000016ac    00000048     driverlib.a : dl_uart.o (.text.DL_UART_init)
                  000016f4    00000044                 : dl_spi.o (.text.DL_SPI_init)
                  00001738    00000040     ti_msp_dl_config.o (.text.SYSCFG_DL_SYSCTL_init)
                  00001778    00000040     ti_msp_dl_config.o (.text.SYSCFG_DL_initPower)
                  000017b8    00000040     libclang_rt.builtins.a : aeabi_uidivmod.S.obj (.text.__aeabi_uidivmod)
                  000017f8    0000003c     libc.a : autoinit.c.obj (.text:__TI_auto_init_nobinit_nopinit)
                  00001834    00000028            : boot_cortex_m.c.obj (.text:_c_int00_noargs)
                  0000185c    00000024     ti_msp_dl_config.o (.text.SYSCFG_DL_init)
                  00001880    00000020     driverlib.a : dl_spi.o (.text.DL_SPI_receiveDataBlocking8)
                  000018a0    00000018     mcp2515.o (.text.GROUP1_IRQHandler)
                  000018b8    00000012     driverlib.a : dl_spi.o (.text.DL_SPI_setClockConfig)
                  000018ca    00000012                 : dl_uart.o (.text.DL_UART_setClockConfig)
                  000018dc    00000010     mcp2515.o (.text.mcp2515_available)
                  000018ec    00000010     libc.a : copy_zero_init.c.obj (.text:decompress:ZI)
                  000018fc    0000000c     libclang_rt.builtins.a : aeabi_memset.S.obj (.text.__aeabi_memclr)
                  00001908    0000000a     driverlib.a : dl_common.o (.text.DL_Common_delayCycles)
                  00001912    00000002     --HOLE-- [fill = 0]
                  00001914    00000008     libclang_rt.builtins.a : aeabi_memcpy.S.obj (.text.__aeabi_memcpy)
                  0000191c    00000006     libc.a : exit.c.obj (.text:abort)
                  00001922    00000004     libsysbm.a : hostexit.c.obj (.text.HOSTexit)
                  00001926    00000004     startup_mspm0g350x_ticlang.o (.text.Reset_Handler)
                  0000192a    00000004     libc.a : pre_init.c.obj (.text._system_pre_init)
                  0000192e    00000002     --HOLE-- [fill = 0]

.cinit     0    00001a20    00000018     
                  00001a20    00000008     (.cinit..bss.load) [load image, compression = zero_init]
                  00001a28    00000004     (__TI_handler_table)
                  00001a2c    00000008     (__TI_cinit_table)
                  00001a34    00000004     --HOLE-- [fill = 0]

.rodata    0    00001930    000000f0     
                  00001930    00000060     mcp2515.o (.rodata.cst16)
                  00001990    0000001e     main.o (.rodata.str1.17100691992556644108.1)
                  000019ae    00000017     main.o (.rodata.str1.15159059442110792349.1)
                  000019c5    00000015     main.o (.rodata.str1.8154729771448623357.1)
                  000019da    00000011     main.o (.rodata.str1.288608917962107522.1)
                  000019eb    0000000c     main.o (.rodata.str1.18227636981041470289.1)
                  000019f7    00000001     --HOLE-- [fill = 0]
                  000019f8    0000000a     ti_msp_dl_config.o (.rodata.gSPI_0_config)
                  00001a02    0000000a     ti_msp_dl_config.o (.rodata.gUART_0Config)
                  00001a0c    00000006     mcp2515.o (.rodata.TXB_REGS)
                  00001a12    00000002     ti_msp_dl_config.o (.rodata.gSPI_0_clockConfig)
                  00001a14    00000002     ti_msp_dl_config.o (.rodata.gUART_0ClockConfig)
                  00001a16    00000002     main.o (.rodata.str1.12180500075719773345.1)
                  00001a18    00000002     main.o (.rodata.str1.2846389346932560359.1)
                  00001a1a    00000006     --HOLE-- [fill = 0]

.init_array 
*          0    00000000    00000000     UNINITIALIZED

.binit     0    00000000    00000000     

.bss       0    20200000    00000423     UNINITIALIZED
                  20200000    000003f4     mcp2515.o (.bss.msgbuf)
                  202003f4    00000028     (.common:gSPI_0Backup)
                  2020041c    00000004     mcp2515.o (.bss.spi_inst)
                  20200420    00000001     mcp2515.o (.bss.bitrate_prescaler.0)
                  20200421    00000001     mcp2515.o (.bss.bitrate_prescaler.1)
                  20200422    00000001     mcp2515.o (.bss.bitrate_prescaler.2)

.stack     0    20207e00    00000200     UNINITIALIZED
                  20207e00    00000004     libc.a : boot_cortex_m.c.obj (.stack)
                  20207e04    000001fc     --HOLE--

__llvm_prf_cnts 
*          0    20200000    00000000     UNINITIALIZED

__llvm_prf_bits 
*          0    20200000    00000000     UNINITIALIZED

MODULE SUMMARY

       Module                         code   ro data   rw data
       ------                         ----   -------   -------
    .\
       main.o                         852    107       0      
       ti_msp_dl_config.o             456    24        40     
       startup_mspm0g350x_ticlang.o   6      192       0      
    +--+------------------------------+------+---------+---------+
       Total:                         1314   323       40     
                                                              
    .\mcp2515\
       mcp2515.o                      4252   102       1019   
    +--+------------------------------+------+---------+---------+
       Total:                         4252   102       1019   
                                                              
    C:/ti/mspm0_sdk_2_10_00_04/source/ti/driverlib/lib/ticlang/m0p/mspm0g1x0x_g3x0x/driverlib.a
       dl_spi.o                       118    0         0      
       dl_uart.o                      90     0         0      
       dl_common.o                    10     0         0      
    +--+------------------------------+------+---------+---------+
       Total:                         218    0         0      
                                                              
    C:\ti\ccs2041\ccs\tools\compiler\ti-cgt-armllvm_4.0.4.LTS\lib\armv6m-ti-none-eabi/c/libc.a
       memcpy16.S.obj                 154    0         0      
       memset16.S.obj                 98     0         0      
       autoinit.c.obj                 60     0         0      
       boot_cortex_m.c.obj            40     0         0      
       copy_zero_init.c.obj           16     0         0      
       exit.c.obj                     6      0         0      
       pre_init.c.obj                 4      0         0      
    +--+------------------------------+------+---------+---------+
       Total:                         378    0         0      
                                                              
    C:\ti\ccs2041\ccs\tools\compiler\ti-cgt-armllvm_4.0.4.LTS\lib\armv6m-ti-none-eabi/c/libsysbm.a
       hostexit.c.obj                 4      0         0      
    +--+------------------------------+------+---------+---------+
       Total:                         4      0         0      
                                                              
    C:\ti\ccs2041\ccs\tools\compiler\ti-cgt-armllvm_4.0.4.LTS\lib\armv6m-ti-none-eabi/libclang_rt.builtins.a
       aeabi_uidivmod.S.obj           64     0         0      
       aeabi_memset.S.obj             12     0         0      
       aeabi_memcpy.S.obj             8      0         0      
       aeabi_div0.c.obj               2      0         0      
    +--+------------------------------+------+---------+---------+
       Total:                         86     0         0      
                                                              
       Stack:                         0      0         512    
       Linker Generated:              0      20        0      
    +--+------------------------------+------+---------+---------+
       Grand Total:                   6252   445       1571   


LINKER GENERATED COPY TABLES

__TI_cinit_table @ 00001a2c records: 1, size/record: 8, table size: 8
	.bss: load addr=00001a20, load size=00000008 bytes, run addr=20200000, run size=00000423 bytes, compression=zero_init


LINKER GENERATED HANDLER TABLE

__TI_handler_table @ 00001a28 records: 1, size/record: 4, table size: 4
	index: 0, handler: __TI_zero_init


GLOBAL SYMBOLS: SORTED ALPHABETICALLY BY Name 

address   name                          
-------   ----                          
00001463  ADC0_IRQHandler               
00001463  ADC1_IRQHandler               
00001463  AES_IRQHandler                
00001922  C$$EXIT                       
00001463  CANFD0_IRQHandler             
00001463  DAC0_IRQHandler               
00001909  DL_Common_delayCycles         
000016f5  DL_SPI_init                   
00001881  DL_SPI_receiveDataBlocking8   
000018b9  DL_SPI_setClockConfig         
000016ad  DL_UART_init                  
000018cb  DL_UART_setClockConfig        
00001463  DMA_IRQHandler                
00001463  Default_Handler               
00001463  GROUP0_IRQHandler             
000018a1  GROUP1_IRQHandler             
00001923  HOSTexit                      
00001463  HardFault_Handler             
00001463  I2C0_IRQHandler               
00001463  I2C1_IRQHandler               
00001463  NMI_Handler                   
00001463  PendSV_Handler                
00001463  RTC_IRQHandler                
00001927  Reset_Handler                 
00001463  SPI0_IRQHandler               
00001463  SPI1_IRQHandler               
00001463  SVC_Handler                   
00001465  SYSCFG_DL_GPIO_init           
00001661  SYSCFG_DL_SPI_0_init          
00001739  SYSCFG_DL_SYSCTL_init         
000015b1  SYSCFG_DL_UART_0_init         
0000185d  SYSCFG_DL_init                
00001779  SYSCFG_DL_initPower           
00001463  SysTick_Handler               
00001463  TIMA0_IRQHandler              
00001463  TIMA1_IRQHandler              
00001463  TIMG0_IRQHandler              
00001463  TIMG12_IRQHandler             
00001463  TIMG6_IRQHandler              
00001463  TIMG7_IRQHandler              
00001463  TIMG8_IRQHandler              
00001463  UART0_IRQHandler              
00001463  UART1_IRQHandler              
00001463  UART2_IRQHandler              
00001463  UART3_IRQHandler              
20208000  __STACK_END                   
00000200  __STACK_SIZE                  
00000000  __TI_ATRegion0_region_sz      
00000000  __TI_ATRegion0_src_addr       
00000000  __TI_ATRegion0_trg_addr       
00000000  __TI_ATRegion1_region_sz      
00000000  __TI_ATRegion1_src_addr       
00000000  __TI_ATRegion1_trg_addr       
00000000  __TI_ATRegion2_region_sz      
00000000  __TI_ATRegion2_src_addr       
00000000  __TI_ATRegion2_trg_addr       
00001a2c  __TI_CINIT_Base               
00001a34  __TI_CINIT_Limit              
00001a34  __TI_CINIT_Warm               
00001a28  __TI_Handler_Table_Base       
00001a2c  __TI_Handler_Table_Limit      
000017f9  __TI_auto_init_nobinit_nopinit
ffffffff  __TI_pprof_out_hndl           
ffffffff  __TI_prof_data_size           
ffffffff  __TI_prof_data_start          
00000000  __TI_static_base__            
000018ed  __TI_zero_init                
000015af  __aeabi_idiv0                 
000018fd  __aeabi_memclr                
000018fd  __aeabi_memclr4               
000018fd  __aeabi_memclr8               
00001915  __aeabi_memcpy                
00001915  __aeabi_memcpy4               
00001915  __aeabi_memcpy8               
000017b9  __aeabi_uidiv                 
000017b9  __aeabi_uidivmod              
ffffffff  __binit__                     
UNDEFED   __mpu_init                    
20207e00  __stack                       
20200000  __start___llvm_prf_bits       
20200000  __start___llvm_prf_cnts       
20200000  __stop___llvm_prf_bits        
20200000  __stop___llvm_prf_cnts        
00001835  _c_int00_noargs               
UNDEFED   _system_post_cinit            
0000192b  _system_pre_init              
0000191d  abort                         
ffffffff  binit                         
202003f4  gSPI_0Backup                  
00000000  interruptVectors              
00000ec1  main                          
000018dd  mcp2515_available             
000000c1  mcp2515_init                  
00001275  mcp2515_modify_register       
00001611  mcp2515_read_can              
00000b11  mcp2515_read_frame            
00001179  mcp2515_service_rx            
000014dd  mcp2515_set_bitrate           
000006dd  mcp2515_write_frame           
000013c9  memcpy                        
0000154d  memset                        
0000132d  print_hex                     


GLOBAL SYMBOLS: SORTED BY Symbol Address 

address   name                          
-------   ----                          
00000000  __TI_ATRegion0_region_sz      
00000000  __TI_ATRegion0_src_addr       
00000000  __TI_ATRegion0_trg_addr       
00000000  __TI_ATRegion1_region_sz      
00000000  __TI_ATRegion1_src_addr       
00000000  __TI_ATRegion1_trg_addr       
00000000  __TI_ATRegion2_region_sz      
00000000  __TI_ATRegion2_src_addr       
00000000  __TI_ATRegion2_trg_addr       
00000000  __TI_static_base__            
00000000  interruptVectors              
000000c1  mcp2515_init                  
00000200  __STACK_SIZE                  
000006dd  mcp2515_write_frame           
00000b11  mcp2515_read_frame            
00000ec1  main                          
00001179  mcp2515_service_rx            
00001275  mcp2515_modify_register       
0000132d  print_hex                     
000013c9  memcpy                        
00001463  ADC0_IRQHandler               
00001463  ADC1_IRQHandler               
00001463  AES_IRQHandler                
00001463  CANFD0_IRQHandler             
00001463  DAC0_IRQHandler               
00001463  DMA_IRQHandler                
00001463  Default_Handler               
00001463  GROUP0_IRQHandler             
00001463  HardFault_Handler             
00001463  I2C0_IRQHandler               
00001463  I2C1_IRQHandler               
00001463  NMI_Handler                   
00001463  PendSV_Handler                
00001463  RTC_IRQHandler                
00001463  SPI0_IRQHandler               
00001463  SPI1_IRQHandler               
00001463  SVC_Handler                   
00001463  SysTick_Handler               
00001463  TIMA0_IRQHandler              
00001463  TIMA1_IRQHandler              
00001463  TIMG0_IRQHandler              
00001463  TIMG12_IRQHandler             
00001463  TIMG6_IRQHandler              
00001463  TIMG7_IRQHandler              
00001463  TIMG8_IRQHandler              
00001463  UART0_IRQHandler              
00001463  UART1_IRQHandler              
00001463  UART2_IRQHandler              
00001463  UART3_IRQHandler              
00001465  SYSCFG_DL_GPIO_init           
000014dd  mcp2515_set_bitrate           
0000154d  memset                        
000015af  __aeabi_idiv0                 
000015b1  SYSCFG_DL_UART_0_init         
00001611  mcp2515_read_can              
00001661  SYSCFG_DL_SPI_0_init          
000016ad  DL_UART_init                  
000016f5  DL_SPI_init                   
00001739  SYSCFG_DL_SYSCTL_init         
00001779  SYSCFG_DL_initPower           
000017b9  __aeabi_uidiv                 
000017b9  __aeabi_uidivmod              
000017f9  __TI_auto_init_nobinit_nopinit
00001835  _c_int00_noargs               
0000185d  SYSCFG_DL_init                
00001881  DL_SPI_receiveDataBlocking8   
000018a1  GROUP1_IRQHandler             
000018b9  DL_SPI_setClockConfig         
000018cb  DL_UART_setClockConfig        
000018dd  mcp2515_available             
000018ed  __TI_zero_init                
000018fd  __aeabi_memclr                
000018fd  __aeabi_memclr4               
000018fd  __aeabi_memclr8               
00001909  DL_Common_delayCycles         
00001915  __aeabi_memcpy                
00001915  __aeabi_memcpy4               
00001915  __aeabi_memcpy8               
0000191d  abort                         
00001922  C$$EXIT                       
00001923  HOSTexit                      
00001927  Reset_Handler                 
0000192b  _system_pre_init              
00001a28  __TI_Handler_Table_Base       
00001a2c  __TI_CINIT_Base               
00001a2c  __TI_Handler_Table_Limit      
00001a34  __TI_CINIT_Limit              
00001a34  __TI_CINIT_Warm               
20200000  __start___llvm_prf_bits       
20200000  __start___llvm_prf_cnts       
20200000  __stop___llvm_prf_bits        
20200000  __stop___llvm_prf_cnts        
202003f4  gSPI_0Backup                  
20207e00  __stack                       
20208000  __STACK_END                   
ffffffff  __TI_pprof_out_hndl           
ffffffff  __TI_prof_data_size           
ffffffff  __TI_prof_data_start          
ffffffff  __binit__                     
ffffffff  binit                         
UNDEFED   __mpu_init                    
UNDEFED   _system_post_cinit            

[102 symbols]
