******************************************************************************
            TI ARM Clang Linker PC v4.0.4                      
******************************************************************************
>> Linked Sat May  2 17:40:38 2026

OUTPUT FILE NAME:   <CANController.out>
ENTRY POINT SYMBOL: "_c_int00_noargs"  address: 00001f5d


MEMORY CONFIGURATION

         name            origin    length      used     unused   attr    fill
----------------------  --------  ---------  --------  --------  ----  --------
  FLASH                 00000000   00020000  00002190  0001de70  R  X
  SRAM                  20200000   00008000  000011fc  00006e04  RW X
  BCR_CONFIG            41c00000   000000ff  00000000  000000ff  R   
  BSL_CONFIG            41c00100   00000080  00000000  00000080  R   


SEGMENT ALLOCATION MAP

run origin  load origin   length   init length attrs members
----------  ----------- ---------- ----------- ----- -------
00000000    00000000    00002190   00002190    r-x
  00000000    00000000    000000c0   000000c0    r-- .intvecs
  000000c0    000000c0    00001fb8   00001fb8    r-x .text
  00002078    00002078    000000e8   000000e8    r-- .rodata
  00002160    00002160    00000030   00000030    r-- .cinit
20200000    20200000    00000ffc   00000000    rw-
  20200000    20200000    00000ffb   00000000    rw- .bss
  20200ffb    20200ffb    00000001   00000000    rw- .data
20207e00    20207e00    00000200   00000000    rw-
  20207e00    20207e00    00000200   00000000    rw- .stack


SECTION ALLOCATION MAP

 output                                  attributes/
section   page    origin      length       input sections
--------  ----  ----------  ----------   ----------------
.intvecs   0    00000000    000000c0     
                  00000000    000000c0     startup_mspm0g350x_ticlang.o (.intvecs)

.text      0    000000c0    00001fb8     
                  000000c0    000006c0     mcp2515.o (.text.mcp2515_init)
                  00000780    00000440     mcp2515.o (.text.mcp2515_write_frame)
                  00000bc0    000003e0     main.o (.text.process_cmd)
                  00000fa0    000003dc     main.o (.text.print_rx_frame)
                  0000137c    000003b0     mcp2515.o (.text.mcp2515_read_frame)
                  0000172c    00000174     main.o (.text.main)
                  000018a0    00000100     mcp2515.o (.text.mcp2515_service_rx)
                  000019a0    000000b8     mcp2515.o (.text.mcp2515_modify_register)
                  00001a58    0000009a     libc.a : memcpy16.S.obj (.text:memcpy)
                  00001af2    00000002     startup_mspm0g350x_ticlang.o (.text.Default_Handler)
                  00001af4    0000007c     libc.a : copy_decompress_lzss.c.obj (.text:decompress:lzss)
                  00001b70    00000078     ti_msp_dl_config.o (.text.SYSCFG_DL_GPIO_init)
                  00001be8    00000070     mcp2515.o (.text.mcp2515_set_bitrate)
                  00001c58    0000006c     mcp2515.o (.text.mcp2515_read_can)
                  00001cc4    00000062     libc.a : memset16.S.obj (.text:memset)
                  00001d26    00000002     libclang_rt.builtins.a : aeabi_div0.c.obj (.text.__aeabi_idiv0)
                  00001d28    00000060     ti_msp_dl_config.o (.text.SYSCFG_DL_UART_0_init)
                  00001d88    0000004c     ti_msp_dl_config.o (.text.SYSCFG_DL_SPI_0_init)
                  00001dd4    00000048     driverlib.a : dl_uart.o (.text.DL_UART_init)
                  00001e1c    00000044                 : dl_spi.o (.text.DL_SPI_init)
                  00001e60    00000040     ti_msp_dl_config.o (.text.SYSCFG_DL_SYSCTL_init)
                  00001ea0    00000040     ti_msp_dl_config.o (.text.SYSCFG_DL_initPower)
                  00001ee0    00000040     libclang_rt.builtins.a : aeabi_uidivmod.S.obj (.text.__aeabi_uidivmod)
                  00001f20    0000003c     libc.a : autoinit.c.obj (.text:__TI_auto_init_nobinit_nopinit)
                  00001f5c    00000028            : boot_cortex_m.c.obj (.text:_c_int00_noargs)
                  00001f84    00000024     mcp2515.o (.text.GROUP1_IRQHandler)
                  00001fa8    00000024     ti_msp_dl_config.o (.text.SYSCFG_DL_init)
                  00001fcc    00000020     driverlib.a : dl_spi.o (.text.DL_SPI_receiveDataBlocking8)
                  00001fec    00000012                 : dl_spi.o (.text.DL_SPI_setClockConfig)
                  00001ffe    00000012                 : dl_uart.o (.text.DL_UART_setClockConfig)
                  00002010    00000012     libc.a : copy_decompress_none.c.obj (.text:decompress:none)
                  00002022    00000002     --HOLE-- [fill = 0]
                  00002024    00000010     mcp2515.o (.text.mcp2515_available)
                  00002034    00000010     libc.a : copy_zero_init.c.obj (.text:decompress:ZI)
                  00002044    0000000c     libclang_rt.builtins.a : aeabi_memset.S.obj (.text.__aeabi_memclr)
                  00002050    0000000a     driverlib.a : dl_common.o (.text.DL_Common_delayCycles)
                  0000205a    00000002     --HOLE-- [fill = 0]
                  0000205c    00000008     libclang_rt.builtins.a : aeabi_memcpy.S.obj (.text.__aeabi_memcpy)
                  00002064    00000006     libc.a : exit.c.obj (.text:abort)
                  0000206a    00000004     libsysbm.a : hostexit.c.obj (.text.HOSTexit)
                  0000206e    00000004     startup_mspm0g350x_ticlang.o (.text.Reset_Handler)
                  00002072    00000004     libc.a : pre_init.c.obj (.text._system_pre_init)
                  00002076    00000002     --HOLE-- [fill = 0]

.cinit     0    00002160    00000030     
                  00002160    0000000c     (__TI_handler_table)
                  0000216c    00000008     (.cinit..bss.load) [load image, compression = zero_init]
                  00002174    00000005     (.cinit..data.load) [load image, compression = lzss]
                  00002179    00000003     --HOLE-- [fill = 0]
                  0000217c    00000010     (__TI_cinit_table)
                  0000218c    00000004     --HOLE-- [fill = 0]

.rodata    0    00002078    000000e8     
                  00002078    00000060     mcp2515.o (.rodata.cst16)
                  000020d8    0000001e     main.o (.rodata.str1.17100691992556644108.1)
                  000020f6    00000017     main.o (.rodata.str1.15159059442110792349.1)
                  0000210d    00000015     main.o (.rodata.str1.8154729771448623357.1)
                  00002122    00000011     main.o (.rodata.str1.18227636981041470289.1)
                  00002133    00000001     --HOLE-- [fill = 0]
                  00002134    0000000a     ti_msp_dl_config.o (.rodata.gSPI_0_config)
                  0000213e    0000000a     ti_msp_dl_config.o (.rodata.gUART_0Config)
                  00002148    00000007     main.o (.rodata.str1.2846389346932560359.1)
                  0000214f    00000006     mcp2515.o (.rodata.TXB_REGS)
                  00002155    00000003     main.o (.rodata.str1.12180500075719773345.1)
                  00002158    00000002     ti_msp_dl_config.o (.rodata.gSPI_0_clockConfig)
                  0000215a    00000002     ti_msp_dl_config.o (.rodata.gUART_0ClockConfig)
                  0000215c    00000002     main.o (.rodata.str1.14112174005742061988.1)
                  0000215e    00000002     main.o (.rodata.str1.288608917962107522.1)

.init_array 
*          0    00000000    00000000     UNINITIALIZED

.binit     0    00000000    00000000     

.bss       0    20200000    00000ffb     UNINITIALIZED
                  20200000    00000fac     mcp2515.o (.bss.msgbuf)
                  20200fac    00000028     (.common:gSPI_0Backup)
                  20200fd4    00000020     main.o (.bss.uart_buf)
                  20200ff4    00000004     mcp2515.o (.bss.spi_inst)
                  20200ff8    00000001     mcp2515.o (.bss.bitrate_prescaler.0)
                  20200ff9    00000001     mcp2515.o (.bss.bitrate_prescaler.1)
                  20200ffa    00000001     mcp2515.o (.bss.bitrate_prescaler.2)

.data      0    20200ffb    00000001     UNINITIALIZED
                  20200ffb    00000001     main.o (.data.uart_buf_len)

.stack     0    20207e00    00000200     UNINITIALIZED
                  20207e00    00000004     libc.a : boot_cortex_m.c.obj (.stack)
                  20207e04    000001fc     --HOLE--

__llvm_prf_cnts 
*          0    20200000    00000000     UNINITIALIZED

__llvm_prf_bits 
*          0    20200000    00000000     UNINITIALIZED

MODULE SUMMARY

       Module                         code   ro data   rw data
       ------                         ----   -------   -------
    .\
       main.o                         2352   105       33     
       ti_msp_dl_config.o             456    24        40     
       startup_mspm0g350x_ticlang.o   6      192       0      
    +--+------------------------------+------+---------+---------+
       Total:                         2814   321       73     
                                                              
    .\mcp2515\
       mcp2515.o                      4472   102       4019   
    +--+------------------------------+------+---------+---------+
       Total:                         4472   102       4019   
                                                              
    C:/ti/mspm0_sdk_2_10_00_04/source/ti/driverlib/lib/ticlang/m0p/mspm0g1x0x_g3x0x/driverlib.a
       dl_spi.o                       118    0         0      
       dl_uart.o                      90     0         0      
       dl_common.o                    10     0         0      
    +--+------------------------------+------+---------+---------+
       Total:                         218    0         0      
                                                              
    C:\ti\ccs2041\ccs\tools\compiler\ti-cgt-armllvm_4.0.4.LTS\lib\armv6m-ti-none-eabi/c/libc.a
       memcpy16.S.obj                 154    0         0      
       copy_decompress_lzss.c.obj     124    0         0      
       memset16.S.obj                 98     0         0      
       autoinit.c.obj                 60     0         0      
       boot_cortex_m.c.obj            40     0         0      
       copy_decompress_none.c.obj     18     0         0      
       copy_zero_init.c.obj           16     0         0      
       exit.c.obj                     6      0         0      
       pre_init.c.obj                 4      0         0      
    +--+------------------------------+------+---------+---------+
       Total:                         520    0         0      
                                                              
    C:\ti\ccs2041\ccs\tools\compiler\ti-cgt-armllvm_4.0.4.LTS\lib\armv6m-ti-none-eabi/c/libsysbm.a
       hostexit.c.obj                 4      0         0      
    +--+------------------------------+------+---------+---------+
       Total:                         4      0         0      
                                                              
    C:\ti\ccs2041\ccs\tools\compiler\ti-cgt-armllvm_4.0.4.LTS\lib\armv6m-ti-none-eabi/libclang_rt.builtins.a
       aeabi_uidivmod.S.obj           64     0         0      
       aeabi_memset.S.obj             12     0         0      
       aeabi_memcpy.S.obj             8      0         0      
       aeabi_div0.c.obj               2      0         0      
    +--+------------------------------+------+---------+---------+
       Total:                         86     0         0      
                                                              
       Stack:                         0      0         512    
       Linker Generated:              0      41        0      
    +--+------------------------------+------+---------+---------+
       Grand Total:                   8114   464       4604   


LINKER GENERATED COPY TABLES

__TI_cinit_table @ 0000217c records: 2, size/record: 8, table size: 16
	.bss: load addr=0000216c, load size=00000008 bytes, run addr=20200000, run size=00000ffb bytes, compression=zero_init
	.data: load addr=00002174, load size=00000005 bytes, run addr=20200ffb, run size=00000001 bytes, compression=lzss


LINKER GENERATED HANDLER TABLE

__TI_handler_table @ 00002160 records: 3, size/record: 4, table size: 12
	index: 0, handler: __TI_decompress_lzss
	index: 1, handler: __TI_decompress_none
	index: 2, handler: __TI_zero_init


GLOBAL SYMBOLS: SORTED ALPHABETICALLY BY Name 

address   name                          
-------   ----                          
00001af3  ADC0_IRQHandler               
00001af3  ADC1_IRQHandler               
00001af3  AES_IRQHandler                
0000206a  C$$EXIT                       
00001af3  CANFD0_IRQHandler             
00001af3  DAC0_IRQHandler               
00002051  DL_Common_delayCycles         
00001e1d  DL_SPI_init                   
00001fcd  DL_SPI_receiveDataBlocking8   
00001fed  DL_SPI_setClockConfig         
00001dd5  DL_UART_init                  
00001fff  DL_UART_setClockConfig        
00001af3  DMA_IRQHandler                
00001af3  Default_Handler               
00001af3  GROUP0_IRQHandler             
00001f85  GROUP1_IRQHandler             
0000206b  HOSTexit                      
00001af3  HardFault_Handler             
00001af3  I2C0_IRQHandler               
00001af3  I2C1_IRQHandler               
00001af3  NMI_Handler                   
00001af3  PendSV_Handler                
00001af3  RTC_IRQHandler                
0000206f  Reset_Handler                 
00001af3  SPI0_IRQHandler               
00001af3  SPI1_IRQHandler               
00001af3  SVC_Handler                   
00001b71  SYSCFG_DL_GPIO_init           
00001d89  SYSCFG_DL_SPI_0_init          
00001e61  SYSCFG_DL_SYSCTL_init         
00001d29  SYSCFG_DL_UART_0_init         
00001fa9  SYSCFG_DL_init                
00001ea1  SYSCFG_DL_initPower           
00001af3  SysTick_Handler               
00001af3  TIMA0_IRQHandler              
00001af3  TIMA1_IRQHandler              
00001af3  TIMG0_IRQHandler              
00001af3  TIMG12_IRQHandler             
00001af3  TIMG6_IRQHandler              
00001af3  TIMG7_IRQHandler              
00001af3  TIMG8_IRQHandler              
00001af3  UART0_IRQHandler              
00001af3  UART1_IRQHandler              
00001af3  UART2_IRQHandler              
00001af3  UART3_IRQHandler              
20208000  __STACK_END                   
00000200  __STACK_SIZE                  
00000000  __TI_ATRegion0_region_sz      
00000000  __TI_ATRegion0_src_addr       
00000000  __TI_ATRegion0_trg_addr       
00000000  __TI_ATRegion1_region_sz      
00000000  __TI_ATRegion1_src_addr       
00000000  __TI_ATRegion1_trg_addr       
00000000  __TI_ATRegion2_region_sz      
00000000  __TI_ATRegion2_src_addr       
00000000  __TI_ATRegion2_trg_addr       
0000217c  __TI_CINIT_Base               
0000218c  __TI_CINIT_Limit              
0000218c  __TI_CINIT_Warm               
00002160  __TI_Handler_Table_Base       
0000216c  __TI_Handler_Table_Limit      
00001f21  __TI_auto_init_nobinit_nopinit
00001af5  __TI_decompress_lzss          
00002011  __TI_decompress_none          
ffffffff  __TI_pprof_out_hndl           
ffffffff  __TI_prof_data_size           
ffffffff  __TI_prof_data_start          
00000000  __TI_static_base__            
00002035  __TI_zero_init                
00001d27  __aeabi_idiv0                 
00002045  __aeabi_memclr                
00002045  __aeabi_memclr4               
00002045  __aeabi_memclr8               
0000205d  __aeabi_memcpy                
0000205d  __aeabi_memcpy4               
0000205d  __aeabi_memcpy8               
00001ee1  __aeabi_uidiv                 
00001ee1  __aeabi_uidivmod              
ffffffff  __binit__                     
UNDEFED   __mpu_init                    
20207e00  __stack                       
20200000  __start___llvm_prf_bits       
20200000  __start___llvm_prf_cnts       
20200000  __stop___llvm_prf_bits        
20200000  __stop___llvm_prf_cnts        
00001f5d  _c_int00_noargs               
UNDEFED   _system_post_cinit            
00002073  _system_pre_init              
00002065  abort                         
ffffffff  binit                         
20200fac  gSPI_0Backup                  
00000000  interruptVectors              
0000172d  main                          
00002025  mcp2515_available             
000000c1  mcp2515_init                  
000019a1  mcp2515_modify_register       
00001c59  mcp2515_read_can              
0000137d  mcp2515_read_frame            
000018a1  mcp2515_service_rx            
00001be9  mcp2515_set_bitrate           
00000781  mcp2515_write_frame           
00001a59  memcpy                        
00001cc5  memset                        
00000fa1  print_rx_frame                
00000bc1  process_cmd                   


GLOBAL SYMBOLS: SORTED BY Symbol Address 

address   name                          
-------   ----                          
00000000  __TI_ATRegion0_region_sz      
00000000  __TI_ATRegion0_src_addr       
00000000  __TI_ATRegion0_trg_addr       
00000000  __TI_ATRegion1_region_sz      
00000000  __TI_ATRegion1_src_addr       
00000000  __TI_ATRegion1_trg_addr       
00000000  __TI_ATRegion2_region_sz      
00000000  __TI_ATRegion2_src_addr       
00000000  __TI_ATRegion2_trg_addr       
00000000  __TI_static_base__            
00000000  interruptVectors              
000000c1  mcp2515_init                  
00000200  __STACK_SIZE                  
00000781  mcp2515_write_frame           
00000bc1  process_cmd                   
00000fa1  print_rx_frame                
0000137d  mcp2515_read_frame            
0000172d  main                          
000018a1  mcp2515_service_rx            
000019a1  mcp2515_modify_register       
00001a59  memcpy                        
00001af3  ADC0_IRQHandler               
00001af3  ADC1_IRQHandler               
00001af3  AES_IRQHandler                
00001af3  CANFD0_IRQHandler             
00001af3  DAC0_IRQHandler               
00001af3  DMA_IRQHandler                
00001af3  Default_Handler               
00001af3  GROUP0_IRQHandler             
00001af3  HardFault_Handler             
00001af3  I2C0_IRQHandler               
00001af3  I2C1_IRQHandler               
00001af3  NMI_Handler                   
00001af3  PendSV_Handler                
00001af3  RTC_IRQHandler                
00001af3  SPI0_IRQHandler               
00001af3  SPI1_IRQHandler               
00001af3  SVC_Handler                   
00001af3  SysTick_Handler               
00001af3  TIMA0_IRQHandler              
00001af3  TIMA1_IRQHandler              
00001af3  TIMG0_IRQHandler              
00001af3  TIMG12_IRQHandler             
00001af3  TIMG6_IRQHandler              
00001af3  TIMG7_IRQHandler              
00001af3  TIMG8_IRQHandler              
00001af3  UART0_IRQHandler              
00001af3  UART1_IRQHandler              
00001af3  UART2_IRQHandler              
00001af3  UART3_IRQHandler              
00001af5  __TI_decompress_lzss          
00001b71  SYSCFG_DL_GPIO_init           
00001be9  mcp2515_set_bitrate           
00001c59  mcp2515_read_can              
00001cc5  memset                        
00001d27  __aeabi_idiv0                 
00001d29  SYSCFG_DL_UART_0_init         
00001d89  SYSCFG_DL_SPI_0_init          
00001dd5  DL_UART_init                  
00001e1d  DL_SPI_init                   
00001e61  SYSCFG_DL_SYSCTL_init         
00001ea1  SYSCFG_DL_initPower           
00001ee1  __aeabi_uidiv                 
00001ee1  __aeabi_uidivmod              
00001f21  __TI_auto_init_nobinit_nopinit
00001f5d  _c_int00_noargs               
00001f85  GROUP1_IRQHandler             
00001fa9  SYSCFG_DL_init                
00001fcd  DL_SPI_receiveDataBlocking8   
00001fed  DL_SPI_setClockConfig         
00001fff  DL_UART_setClockConfig        
00002011  __TI_decompress_none          
00002025  mcp2515_available             
00002035  __TI_zero_init                
00002045  __aeabi_memclr                
00002045  __aeabi_memclr4               
00002045  __aeabi_memclr8               
00002051  DL_Common_delayCycles         
0000205d  __aeabi_memcpy                
0000205d  __aeabi_memcpy4               
0000205d  __aeabi_memcpy8               
00002065  abort                         
0000206a  C$$EXIT                       
0000206b  HOSTexit                      
0000206f  Reset_Handler                 
00002073  _system_pre_init              
00002160  __TI_Handler_Table_Base       
0000216c  __TI_Handler_Table_Limit      
0000217c  __TI_CINIT_Base               
0000218c  __TI_CINIT_Limit              
0000218c  __TI_CINIT_Warm               
20200000  __start___llvm_prf_bits       
20200000  __start___llvm_prf_cnts       
20200000  __stop___llvm_prf_bits        
20200000  __stop___llvm_prf_cnts        
20200fac  gSPI_0Backup                  
20207e00  __stack                       
20208000  __STACK_END                   
ffffffff  __TI_pprof_out_hndl           
ffffffff  __TI_prof_data_size           
ffffffff  __TI_prof_data_start          
ffffffff  __binit__                     
ffffffff  binit                         
UNDEFED   __mpu_init                    
UNDEFED   _system_post_cinit            

[105 symbols]
